[0.011s] Invoking command in '/home/zzz/ros2_car/ros2/build/car_mapping': CMAKE_PREFIX_PATH=${CMAKE_PREFIX_PATH}:/opt/ros/humble /usr/bin/cmake --build /home/zzz/ros2_car/ros2/build/car_mapping -- -j12 -l12
[0.044s] Invoked command in '/home/zzz/ros2_car/ros2/build/car_mapping' returned '0': CMAKE_PREFIX_PATH=${CMAKE_PREFIX_PATH}:/opt/ros/humble /usr/bin/cmake --build /home/zzz/ros2_car/ros2/build/car_mapping -- -j12 -l12
[0.053s] Invoking command in '/home/zzz/ros2_car/ros2/build/car_mapping': CMAKE_PREFIX_PATH=${CMAKE_PREFIX_PATH}:/opt/ros/humble /usr/bin/cmake --install /home/zzz/ros2_car/ros2/build/car_mapping
[0.058s] -- Install configuration: ""
[0.058s] -- Up-to-date: /home/zzz/ros2_car/ros2/install/car_mapping/share/car_mapping//launch
[0.058s] -- Up-to-date: /home/zzz/ros2_car/ros2/install/car_mapping/share/car_mapping//launch/mapping.launch.py
[0.058s] -- Up-to-date: /home/zzz/ros2_car/ros2/install/car_mapping/share/car_mapping//rviz
[0.059s] -- Up-to-date: /home/zzz/ros2_car/ros2/install/car_mapping/share/car_mapping//rviz/mapping.rviz
[0.059s] -- Up-to-date: /home/zzz/ros2_car/ros2/install/car_mapping/share/car_mapping//urdf
[0.059s] -- Up-to-date: /home/zzz/ros2_car/ros2/install/car_mapping/share/car_mapping//urdf/car_robot.urdf
[0.059s] -- Up-to-date: /home/zzz/ros2_car/ros2/install/car_mapping/share/car_mapping//config
[0.059s] -- Up-to-date: /home/zzz/ros2_car/ros2/install/car_mapping/share/car_mapping//config/nav2_params.yaml
[0.059s] -- Up-to-date: /home/zzz/ros2_car/ros2/install/car_mapping/lib/car_mapping/odom_bridge.py
[0.059s] -- Up-to-date: /home/zzz/ros2_car/ros2/install/car_mapping/share/ament_index/resource_index/package_run_dependencies/car_mapping
[0.059s] -- Up-to-date: /home/zzz/ros2_car/ros2/install/car_mapping/share/ament_index/resource_index/parent_prefix_path/car_mapping
[0.059s] -- Up-to-date: /home/zzz/ros2_car/ros2/install/car_mapping/share/car_mapping/environment/ament_prefix_path.sh
[0.059s] -- Up-to-date: /home/zzz/ros2_car/ros2/install/car_mapping/share/car_mapping/environment/ament_prefix_path.dsv
[0.059s] -- Up-to-date: /home/zzz/ros2_car/ros2/install/car_mapping/share/car_mapping/environment/path.sh
[0.059s] -- Up-to-date: /home/zzz/ros2_car/ros2/install/car_mapping/share/car_mapping/environment/path.dsv
[0.059s] -- Up-to-date: /home/zzz/ros2_car/ros2/install/car_mapping/share/car_mapping/local_setup.bash
[0.059s] -- Up-to-date: /home/zzz/ros2_car/ros2/install/car_mapping/share/car_mapping/local_setup.sh
[0.059s] -- Up-to-date: /home/zzz/ros2_car/ros2/install/car_mapping/share/car_mapping/local_setup.zsh
[0.059s] -- Up-to-date: /home/zzz/ros2_car/ros2/install/car_mapping/share/car_mapping/local_setup.dsv
[0.059s] -- Installing: /home/zzz/ros2_car/ros2/install/car_mapping/share/car_mapping/package.dsv
[0.060s] -- Up-to-date: /home/zzz/ros2_car/ros2/install/car_mapping/share/ament_index/resource_index/packages/car_mapping
[0.060s] -- Up-to-date: /home/zzz/ros2_car/ros2/install/car_mapping/share/car_mapping/cmake/car_mappingConfig.cmake
[0.060s] -- Up-to-date: /home/zzz/ros2_car/ros2/install/car_mapping/share/car_mapping/cmake/car_mappingConfig-version.cmake
[0.060s] -- Up-to-date: /home/zzz/ros2_car/ros2/install/car_mapping/share/car_mapping/package.xml
[0.060s] Invoked command in '/home/zzz/ros2_car/ros2/build/car_mapping' returned '0': CMAKE_PREFIX_PATH=${CMAKE_PREFIX_PATH}:/opt/ros/humble /usr/bin/cmake --install /home/zzz/ros2_car/ros2/build/car_mapping
