[0.006s] Invoking command in '/home/zzz/ros2_car/ros2/build/car_nav': /usr/bin/cmake /home/zzz/ros2_car/ros2/src/car_nav -DCMAKE_INSTALL_PREFIX=/home/zzz/ros2_car/ros2/install/car_nav
[0.049s] -- The C compiler identification is GNU 11.4.0
[0.088s] -- The CXX compiler identification is GNU 11.4.0
[0.093s] -- Detecting C compiler ABI info
[0.148s] -- Detecting C compiler ABI info - done
[0.152s] -- Check for working C compiler: /usr/bin/cc - skipped
[0.152s] -- Detecting C compile features
[0.152s] -- Detecting C compile features - done
[0.154s] -- Detecting CXX compiler ABI info
[0.215s] -- Detecting CXX compiler ABI info - done
[0.219s] -- Check for working CXX compiler: /usr/bin/c++ - skipped
[0.219s] -- Detecting CXX compile features
[0.219s] -- Detecting CXX compile features - done
[0.228s] [31mCMake Error at CMakeLists.txt:15 (find_package):
[0.228s]   By not providing "Findament_cmake.cmake" in CMAKE_MODULE_PATH this project
[0.228s]   has asked CMake to find a package configuration file provided by
[0.228s]   "ament_cmake", but CMake did not find one.
[0.228s] 
[0.228s]   Could not find a package configuration file provided by "ament_cmake" with
[0.228s]   any of the following names:
[0.228s] 
[0.229s]     ament_cmakeConfig.cmake
[0.229s]     ament_cmake-config.cmake
[0.229s] 
[0.229s]   Add the installation prefix of "ament_cmake" to CMAKE_PREFIX_PATH or set
[0.229s]   "ament_cmake_DIR" to a directory containing one of the above files.  If
[0.229s]   "ament_cmake" provides a separate development package or SDK, be sure it
[0.229s]   has been installed.
[0.229s] 
[0.229s] [0m
[0.229s] -- Configuring incomplete, errors occurred!
[0.229s] See also "/home/zzz/ros2_car/ros2/build/car_nav/CMakeFiles/CMakeOutput.log".
[0.231s] Invoked command in '/home/zzz/ros2_car/ros2/build/car_nav' returned '1': /usr/bin/cmake /home/zzz/ros2_car/ros2/src/car_nav -DCMAKE_INSTALL_PREFIX=/home/zzz/ros2_car/ros2/install/car_nav
