[0.008s] Invoking command in '/home/zzz/ros2_car/ros2/build/car_nav': CMAKE_PREFIX_PATH=${CMAKE_PREFIX_PATH}:/opt/ros/humble /usr/bin/cmake --build /home/zzz/ros2_car/ros2/build/car_nav -- -j12 -l12
[0.053s] [35m[1mConsolidate compiler generated dependencies of target zzzplan[0m
[0.111s] [ 50%] [32mBuilding CXX object CMakeFiles/zzzplan.dir/planner_config/plan.cpp.o[0m
[20.261s] [100%] [32m[1mLinking CXX shared library libzzzplan.so[0m
[21.201s] [100%] Built target zzzplan
[21.211s] Invoked command in '/home/zzz/ros2_car/ros2/build/car_nav' returned '0': CMAKE_PREFIX_PATH=${CMAKE_PREFIX_PATH}:/opt/ros/humble /usr/bin/cmake --build /home/zzz/ros2_car/ros2/build/car_nav -- -j12 -l12
[21.212s] Invoking command in '/home/zzz/ros2_car/ros2/build/car_nav': CMAKE_PREFIX_PATH=${CMAKE_PREFIX_PATH}:/opt/ros/humble /usr/bin/cmake --install /home/zzz/ros2_car/ros2/build/car_nav
[21.217s] -- Install configuration: ""
[21.217s] -- Up-to-date: /home/zzz/ros2_car/ros2/install/car_nav/share/car_nav/planner_config/plan.xml
[21.217s] -- Installing: /home/zzz/ros2_car/ros2/install/car_nav/lib/libzzzplan.so
[21.229s] -- Installing: /home/zzz/ros2_car/ros2/install/car_nav/include/car_nav/planner_config/plan.hpp
[21.229s] -- Up-to-date: /home/zzz/ros2_car/ros2/install/car_nav/share/car_nav/planner_config/plan.xml
[21.229s] -- Up-to-date: /home/zzz/ros2_car/ros2/install/car_nav/share/car_nav/launch
[21.229s] -- Up-to-date: /home/zzz/ros2_car/ros2/install/car_nav/share/car_nav/launch/mapping.launch.py
[21.229s] -- Up-to-date: /home/zzz/ros2_car/ros2/install/car_nav/share/car_nav/rviz
[21.230s] -- Up-to-date: /home/zzz/ros2_car/ros2/install/car_nav/share/car_nav/rviz/mapping.rviz
[21.230s] -- Up-to-date: /home/zzz/ros2_car/ros2/install/car_nav/share/car_nav/urdf
[21.230s] -- Up-to-date: /home/zzz/ros2_car/ros2/install/car_nav/share/car_nav/urdf/car.urdf
[21.230s] -- Up-to-date: /home/zzz/ros2_car/ros2/install/car_nav/share/car_nav/config
[21.230s] -- Up-to-date: /home/zzz/ros2_car/ros2/install/car_nav/share/car_nav/config/nav2_params.yaml
[21.230s] -- Up-to-date: /home/zzz/ros2_car/ros2/install/car_nav/share/car_nav/config/carto_mapping.lua
[21.230s] -- Up-to-date: /home/zzz/ros2_car/ros2/install/car_nav/share/car_nav/config/study_params.yaml
[21.230s] -- Up-to-date: /home/zzz/ros2_car/ros2/install/car_nav/share/car_nav/config/carto_localization.lua
[21.230s] -- Up-to-date: /home/zzz/ros2_car/ros2/install/car_nav/share/car_nav/config/study_bt_navigator.xml
[21.230s] -- Up-to-date: /home/zzz/ros2_car/ros2/install/car_nav/share/car_nav/meshes
[21.230s] -- Up-to-date: /home/zzz/ros2_car/ros2/install/car_nav/share/car_nav/meshes/imu_Link.STL
[21.230s] -- Up-to-date: /home/zzz/ros2_car/ros2/install/car_nav/share/car_nav/meshes/jq1_Link.STL
[21.230s] -- Up-to-date: /home/zzz/ros2_car/ros2/install/car_nav/share/car_nav/meshes/yq_Link.STL
[21.230s] -- Up-to-date: /home/zzz/ros2_car/ros2/install/car_nav/share/car_nav/meshes/zq_Link.STL
[21.230s] -- Up-to-date: /home/zzz/ros2_car/ros2/install/car_nav/share/car_nav/meshes/jq2_Link.STL
[21.230s] -- Up-to-date: /home/zzz/ros2_car/ros2/install/car_nav/share/car_nav/meshes/laser_Link.STL
[21.230s] -- Up-to-date: /home/zzz/ros2_car/ros2/install/car_nav/share/car_nav/meshes/zh_Link.STL
[21.230s] -- Up-to-date: /home/zzz/ros2_car/ros2/install/car_nav/share/car_nav/meshes/base_link.STL
[21.230s] -- Up-to-date: /home/zzz/ros2_car/ros2/install/car_nav/share/car_nav/meshes/yh_Link.STL
[21.231s] -- Up-to-date: /home/zzz/ros2_car/ros2/install/car_nav/share/car_nav/meshes/laser_Link3x.STL
[21.231s] -- Up-to-date: /home/zzz/ros2_car/ros2/install/car_nav/share/car_nav/maps-1
[21.231s] -- Up-to-date: /home/zzz/ros2_car/ros2/install/car_nav/share/car_nav/maps-1/my_map.pgm
[21.231s] -- Up-to-date: /home/zzz/ros2_car/ros2/install/car_nav/share/car_nav/maps-1/my_map.yaml
[21.231s] -- Up-to-date: /home/zzz/ros2_car/ros2/install/car_nav/share/car_nav/maps
[21.231s] -- Up-to-date: /home/zzz/ros2_car/ros2/install/car_nav/share/car_nav/maps/room.yaml
[21.231s] -- Up-to-date: /home/zzz/ros2_car/ros2/install/car_nav/share/car_nav/maps/room.pgm
[21.231s] -- Up-to-date: /home/zzz/ros2_car/ros2/install/car_nav/lib/car_nav/odom_bridge.py
[21.231s] -- Up-to-date: /home/zzz/ros2_car/ros2/install/car_nav/lib/car_nav/steering_from_odom.py
[21.231s] -- Up-to-date: /home/zzz/ros2_car/ros2/install/car_nav/lib/car_nav/wheels_from_odom.py
[21.231s] -- Up-to-date: /home/zzz/ros2_car/ros2/install/car_nav/share/ament_index/resource_index/package_run_dependencies/car_nav
[21.231s] -- Up-to-date: /home/zzz/ros2_car/ros2/install/car_nav/share/ament_index/resource_index/parent_prefix_path/car_nav
[21.231s] -- Up-to-date: /home/zzz/ros2_car/ros2/install/car_nav/share/car_nav/environment/ament_prefix_path.sh
[21.231s] -- Up-to-date: /home/zzz/ros2_car/ros2/install/car_nav/share/car_nav/environment/ament_prefix_path.dsv
[21.231s] -- Up-to-date: /home/zzz/ros2_car/ros2/install/car_nav/share/car_nav/environment/path.sh
[21.231s] -- Up-to-date: /home/zzz/ros2_car/ros2/install/car_nav/share/car_nav/environment/path.dsv
[21.231s] -- Up-to-date: /home/zzz/ros2_car/ros2/install/car_nav/share/car_nav/local_setup.bash
[21.231s] -- Up-to-date: /home/zzz/ros2_car/ros2/install/car_nav/share/car_nav/local_setup.sh
[21.231s] -- Up-to-date: /home/zzz/ros2_car/ros2/install/car_nav/share/car_nav/local_setup.zsh
[21.231s] -- Up-to-date: /home/zzz/ros2_car/ros2/install/car_nav/share/car_nav/local_setup.dsv
[21.231s] -- Installing: /home/zzz/ros2_car/ros2/install/car_nav/share/car_nav/package.dsv
[21.231s] -- Up-to-date: /home/zzz/ros2_car/ros2/install/car_nav/share/ament_index/resource_index/packages/car_nav
[21.231s] -- Up-to-date: /home/zzz/ros2_car/ros2/install/car_nav/share/ament_index/resource_index/nav2_core__pluginlib__plugin/car_nav
[21.231s] -- Up-to-date: /home/zzz/ros2_car/ros2/install/car_nav/share/car_nav/cmake/ament_cmake_export_include_directories-extras.cmake
[21.231s] -- Up-to-date: /home/zzz/ros2_car/ros2/install/car_nav/share/car_nav/cmake/ament_cmake_export_dependencies-extras.cmake
[21.231s] -- Up-to-date: /home/zzz/ros2_car/ros2/install/car_nav/share/car_nav/cmake/car_navConfig.cmake
[21.231s] -- Up-to-date: /home/zzz/ros2_car/ros2/install/car_nav/share/car_nav/cmake/car_navConfig-version.cmake
[21.231s] -- Up-to-date: /home/zzz/ros2_car/ros2/install/car_nav/share/car_nav/package.xml
[21.232s] Invoked command in '/home/zzz/ros2_car/ros2/build/car_nav' returned '0': CMAKE_PREFIX_PATH=${CMAKE_PREFIX_PATH}:/opt/ros/humble /usr/bin/cmake --install /home/zzz/ros2_car/ros2/build/car_nav
