[0.008s] Invoking command in '/home/zzz/ros2_car/ros2/build/car_mapping': CMAKE_PREFIX_PATH=/opt/ros/humble /usr/bin/cmake /home/zzz/ros2_car/ros2/src/car_mapping -DCMAKE_INSTALL_PREFIX=/home/zzz/ros2_car/ros2/install/car_mapping
[0.020s] -- Found ament_cmake: 1.3.12 (/opt/ros/humble/share/ament_cmake/cmake)
[0.119s] -- Found Python3: /usr/bin/python3 (found version "3.10.12") found components: Interpreter 
[0.181s] -- Found ament_lint_auto: 0.12.14 (/opt/ros/humble/share/ament_lint_auto/cmake)
[0.222s] -- Configuring done
[0.224s] -- Generating done
[0.225s] -- Build files have been written to: /home/zzz/ros2_car/ros2/build/car_mapping
[0.227s] Invoked command in '/home/zzz/ros2_car/ros2/build/car_mapping' returned '0': CMAKE_PREFIX_PATH=/opt/ros/humble /usr/bin/cmake /home/zzz/ros2_car/ros2/src/car_mapping -DCMAKE_INSTALL_PREFIX=/home/zzz/ros2_car/ros2/install/car_mapping
[0.229s] Invoking command in '/home/zzz/ros2_car/ros2/build/car_mapping': CMAKE_PREFIX_PATH=/opt/ros/humble /usr/bin/cmake --build /home/zzz/ros2_car/ros2/build/car_mapping -- -j12 -l12
[0.262s] Invoked command in '/home/zzz/ros2_car/ros2/build/car_mapping' returned '0': CMAKE_PREFIX_PATH=/opt/ros/humble /usr/bin/cmake --build /home/zzz/ros2_car/ros2/build/car_mapping -- -j12 -l12
[0.270s] Invoking command in '/home/zzz/ros2_car/ros2/build/car_mapping': CMAKE_PREFIX_PATH=/opt/ros/humble /usr/bin/cmake --install /home/zzz/ros2_car/ros2/build/car_mapping
[0.276s] -- Install configuration: ""
[0.276s] -- Installing: /home/zzz/ros2_car/ros2/install/car_mapping/share/car_mapping//launch
[0.276s] -- Installing: /home/zzz/ros2_car/ros2/install/car_mapping/share/car_mapping//launch/mapping.launch.py
[0.276s] -- Installing: /home/zzz/ros2_car/ros2/install/car_mapping/share/car_mapping//rviz
[0.276s] -- Installing: /home/zzz/ros2_car/ros2/install/car_mapping/share/car_mapping//rviz/mapping.rviz
[0.277s] -- Installing: /home/zzz/ros2_car/ros2/install/car_mapping/share/car_mapping//urdf
[0.277s] -- Installing: /home/zzz/ros2_car/ros2/install/car_mapping/share/car_mapping//urdf/car_robot.urdf
[0.277s] -- Installing: /home/zzz/ros2_car/ros2/install/car_mapping/share/car_mapping//config
[0.277s] -- Installing: /home/zzz/ros2_car/ros2/install/car_mapping/share/car_mapping//config/nav2_params.yaml
[0.277s] -- Installing: /home/zzz/ros2_car/ros2/install/car_mapping/lib/car_mapping/odom_bridge.py
[0.277s] -- Installing: /home/zzz/ros2_car/ros2/install/car_mapping/share/ament_index/resource_index/package_run_dependencies/car_mapping
[0.277s] -- Installing: /home/zzz/ros2_car/ros2/install/car_mapping/share/ament_index/resource_index/parent_prefix_path/car_mapping
[0.277s] -- Installing: /home/zzz/ros2_car/ros2/install/car_mapping/share/car_mapping/environment/ament_prefix_path.sh
[0.277s] -- Installing: /home/zzz/ros2_car/ros2/install/car_mapping/share/car_mapping/environment/ament_prefix_path.dsv
[0.278s] -- Installing: /home/zzz/ros2_car/ros2/install/car_mapping/share/car_mapping/environment/path.sh
[0.278s] -- Installing: /home/zzz/ros2_car/ros2/install/car_mapping/share/car_mapping/environment/path.dsv
[0.278s] -- Installing: /home/zzz/ros2_car/ros2/install/car_mapping/share/car_mapping/local_setup.bash
[0.278s] -- Installing: /home/zzz/ros2_car/ros2/install/car_mapping/share/car_mapping/local_setup.sh
[0.278s] -- Installing: /home/zzz/ros2_car/ros2/install/car_mapping/share/car_mapping/local_setup.zsh
[0.278s] -- Installing: /home/zzz/ros2_car/ros2/install/car_mapping/share/car_mapping/local_setup.dsv
[0.278s] -- Installing: /home/zzz/ros2_car/ros2/install/car_mapping/share/car_mapping/package.dsv
[0.278s] -- Installing: /home/zzz/ros2_car/ros2/install/car_mapping/share/ament_index/resource_index/packages/car_mapping
[0.278s] -- Installing: /home/zzz/ros2_car/ros2/install/car_mapping/share/car_mapping/cmake/car_mappingConfig.cmake
[0.278s] -- Installing: /home/zzz/ros2_car/ros2/install/car_mapping/share/car_mapping/cmake/car_mappingConfig-version.cmake
[0.279s] -- Installing: /home/zzz/ros2_car/ros2/install/car_mapping/share/car_mapping/package.xml
[0.280s] Invoked command in '/home/zzz/ros2_car/ros2/build/car_mapping' returned '0': CMAKE_PREFIX_PATH=/opt/ros/humble /usr/bin/cmake --install /home/zzz/ros2_car/ros2/build/car_mapping
