[0.007s] Invoking command in '/home/zzz/ros2_car/ros2/build/car_nav': CMAKE_PREFIX_PATH=/opt/ros/humble /usr/bin/cmake --build /home/zzz/ros2_car/ros2/build/car_nav -- -j12 -l12
[0.029s] -- Found ament_cmake: 1.3.12 (/opt/ros/humble/share/ament_cmake/cmake)
[0.111s] -- Found rclcpp: 16.0.14 (/opt/ros/humble/share/rclcpp/cmake)
[0.128s] -- Found rosidl_generator_c: 3.1.7 (/opt/ros/humble/share/rosidl_generator_c/cmake)
[0.130s] -- Found rosidl_adapter: 3.1.7 (/opt/ros/humble/share/rosidl_adapter/cmake)
[0.133s] -- Found rosidl_generator_cpp: 3.1.7 (/opt/ros/humble/share/rosidl_generator_cpp/cmake)
[0.138s] -- Using all available rosidl_typesupport_c: rosidl_typesupport_fastrtps_c;rosidl_typesupport_introspection_c
[0.145s] -- Using all available rosidl_typesupport_cpp: rosidl_typesupport_fastrtps_cpp;rosidl_typesupport_introspection_cpp
[0.164s] -- Found rmw_implementation_cmake: 6.1.2 (/opt/ros/humble/share/rmw_implementation_cmake/cmake)
[0.165s] -- Found rmw_fastrtps_cpp: 6.2.8 (/opt/ros/humble/share/rmw_fastrtps_cpp/cmake)
[0.244s] -- Using RMW implementation 'rmw_fastrtps_cpp' as default
[0.273s] -- Found rclcpp_lifecycle: 16.0.14 (/opt/ros/humble/share/rclcpp_lifecycle/cmake)
[0.282s] -- Found nav2_core: 1.1.18 (/opt/ros/humble/share/nav2_core/cmake)
[0.395s] -- Ensuring Eigen3 include directory is part of orocos-kdl CMake target
[0.559s] -- Found ament_lint_auto: 0.12.14 (/opt/ros/humble/share/ament_lint_auto/cmake)
[0.600s] -- Configuring done
[0.641s] -- Generating done
[0.646s] -- Build files have been written to: /home/zzz/ros2_car/ros2/build/car_nav
[0.674s] [35m[1mConsolidate compiler generated dependencies of target zzzplan[0m
[0.731s] [ 50%] [32m[1mLinking CXX shared library libzzzplan.so[0m
[1.641s] [100%] Built target zzzplan
[1.650s] Invoked command in '/home/zzz/ros2_car/ros2/build/car_nav' returned '0': CMAKE_PREFIX_PATH=/opt/ros/humble /usr/bin/cmake --build /home/zzz/ros2_car/ros2/build/car_nav -- -j12 -l12
[1.659s] Invoking command in '/home/zzz/ros2_car/ros2/build/car_nav': CMAKE_PREFIX_PATH=/opt/ros/humble /usr/bin/cmake --install /home/zzz/ros2_car/ros2/build/car_nav
[1.665s] -- Install configuration: ""
[1.665s] -- Up-to-date: /home/zzz/ros2_car/ros2/install/car_nav/share/car_nav/planner_config/plan.xml
[1.665s] -- Installing: /home/zzz/ros2_car/ros2/install/car_nav/lib/libzzzplan.so
[1.676s] -- Up-to-date: /home/zzz/ros2_car/ros2/install/car_nav/include/car_nav/planner_config/plan.hpp
[1.676s] -- Up-to-date: /home/zzz/ros2_car/ros2/install/car_nav/share/car_nav/planner_config/plan.xml
[1.676s] -- Up-to-date: /home/zzz/ros2_car/ros2/install/car_nav/share/car_nav/launch
[1.676s] -- Up-to-date: /home/zzz/ros2_car/ros2/install/car_nav/share/car_nav/launch/mapping.launch.py
[1.676s] -- Up-to-date: /home/zzz/ros2_car/ros2/install/car_nav/share/car_nav/rviz
[1.676s] -- Up-to-date: /home/zzz/ros2_car/ros2/install/car_nav/share/car_nav/rviz/mapping.rviz
[1.676s] -- Up-to-date: /home/zzz/ros2_car/ros2/install/car_nav/share/car_nav/urdf
[1.677s] -- Up-to-date: /home/zzz/ros2_car/ros2/install/car_nav/share/car_nav/urdf/car.urdf
[1.677s] -- Up-to-date: /home/zzz/ros2_car/ros2/install/car_nav/share/car_nav/config
[1.677s] -- Up-to-date: /home/zzz/ros2_car/ros2/install/car_nav/share/car_nav/config/nav2_params.yaml
[1.677s] -- Up-to-date: /home/zzz/ros2_car/ros2/install/car_nav/share/car_nav/config/carto_mapping.lua
[1.677s] -- Up-to-date: /home/zzz/ros2_car/ros2/install/car_nav/share/car_nav/config/study_params.yaml
[1.677s] -- Up-to-date: /home/zzz/ros2_car/ros2/install/car_nav/share/car_nav/config/carto_localization.lua
[1.677s] -- Up-to-date: /home/zzz/ros2_car/ros2/install/car_nav/share/car_nav/config/study_bt_navigator.xml
[1.677s] -- Up-to-date: /home/zzz/ros2_car/ros2/install/car_nav/share/car_nav/meshes
[1.677s] -- Up-to-date: /home/zzz/ros2_car/ros2/install/car_nav/share/car_nav/meshes/imu_Link.STL
[1.677s] -- Up-to-date: /home/zzz/ros2_car/ros2/install/car_nav/share/car_nav/meshes/jq1_Link.STL
[1.677s] -- Up-to-date: /home/zzz/ros2_car/ros2/install/car_nav/share/car_nav/meshes/yq_Link.STL
[1.677s] -- Up-to-date: /home/zzz/ros2_car/ros2/install/car_nav/share/car_nav/meshes/zq_Link.STL
[1.677s] -- Up-to-date: /home/zzz/ros2_car/ros2/install/car_nav/share/car_nav/meshes/jq2_Link.STL
[1.677s] -- Up-to-date: /home/zzz/ros2_car/ros2/install/car_nav/share/car_nav/meshes/laser_Link.STL
[1.677s] -- Up-to-date: /home/zzz/ros2_car/ros2/install/car_nav/share/car_nav/meshes/zh_Link.STL
[1.677s] -- Up-to-date: /home/zzz/ros2_car/ros2/install/car_nav/share/car_nav/meshes/base_link.STL
[1.677s] -- Up-to-date: /home/zzz/ros2_car/ros2/install/car_nav/share/car_nav/meshes/yh_Link.STL
[1.677s] -- Up-to-date: /home/zzz/ros2_car/ros2/install/car_nav/share/car_nav/meshes/laser_Link3x.STL
[1.677s] -- Up-to-date: /home/zzz/ros2_car/ros2/install/car_nav/share/car_nav/maps-1
[1.677s] -- Up-to-date: /home/zzz/ros2_car/ros2/install/car_nav/share/car_nav/maps-1/my_map.pgm
[1.677s] -- Up-to-date: /home/zzz/ros2_car/ros2/install/car_nav/share/car_nav/maps-1/my_map.yaml
[1.677s] -- Up-to-date: /home/zzz/ros2_car/ros2/install/car_nav/share/car_nav/maps
[1.677s] -- Up-to-date: /home/zzz/ros2_car/ros2/install/car_nav/share/car_nav/maps/room.yaml
[1.677s] -- Up-to-date: /home/zzz/ros2_car/ros2/install/car_nav/share/car_nav/maps/room.pgm
[1.677s] -- Up-to-date: /home/zzz/ros2_car/ros2/install/car_nav/lib/car_nav/odom_bridge.py
[1.677s] -- Up-to-date: /home/zzz/ros2_car/ros2/install/car_nav/lib/car_nav/steering_from_odom.py
[1.677s] -- Up-to-date: /home/zzz/ros2_car/ros2/install/car_nav/lib/car_nav/wheels_from_odom.py
[1.677s] -- Up-to-date: /home/zzz/ros2_car/ros2/install/car_nav/share/ament_index/resource_index/package_run_dependencies/car_nav
[1.677s] -- Up-to-date: /home/zzz/ros2_car/ros2/install/car_nav/share/ament_index/resource_index/parent_prefix_path/car_nav
[1.677s] -- Up-to-date: /home/zzz/ros2_car/ros2/install/car_nav/share/car_nav/environment/ament_prefix_path.sh
[1.678s] -- Installing: /home/zzz/ros2_car/ros2/install/car_nav/share/car_nav/environment/ament_prefix_path.dsv
[1.678s] -- Up-to-date: /home/zzz/ros2_car/ros2/install/car_nav/share/car_nav/environment/path.sh
[1.678s] -- Installing: /home/zzz/ros2_car/ros2/install/car_nav/share/car_nav/environment/path.dsv
[1.678s] -- Up-to-date: /home/zzz/ros2_car/ros2/install/car_nav/share/car_nav/local_setup.bash
[1.678s] -- Up-to-date: /home/zzz/ros2_car/ros2/install/car_nav/share/car_nav/local_setup.sh
[1.678s] -- Up-to-date: /home/zzz/ros2_car/ros2/install/car_nav/share/car_nav/local_setup.zsh
[1.678s] -- Installing: /home/zzz/ros2_car/ros2/install/car_nav/share/car_nav/local_setup.dsv
[1.678s] -- Installing: /home/zzz/ros2_car/ros2/install/car_nav/share/car_nav/package.dsv
[1.678s] -- Up-to-date: /home/zzz/ros2_car/ros2/install/car_nav/share/ament_index/resource_index/packages/car_nav
[1.678s] -- Up-to-date: /home/zzz/ros2_car/ros2/install/car_nav/share/ament_index/resource_index/nav2_core__pluginlib__plugin/car_nav
[1.678s] -- Up-to-date: /home/zzz/ros2_car/ros2/install/car_nav/share/car_nav/cmake/ament_cmake_export_include_directories-extras.cmake
[1.678s] -- Up-to-date: /home/zzz/ros2_car/ros2/install/car_nav/share/car_nav/cmake/ament_cmake_export_dependencies-extras.cmake
[1.678s] -- Up-to-date: /home/zzz/ros2_car/ros2/install/car_nav/share/car_nav/cmake/car_navConfig.cmake
[1.678s] -- Up-to-date: /home/zzz/ros2_car/ros2/install/car_nav/share/car_nav/cmake/car_navConfig-version.cmake
[1.678s] -- Up-to-date: /home/zzz/ros2_car/ros2/install/car_nav/share/car_nav/package.xml
[1.680s] Invoked command in '/home/zzz/ros2_car/ros2/build/car_nav' returned '0': CMAKE_PREFIX_PATH=/opt/ros/humble /usr/bin/cmake --install /home/zzz/ros2_car/ros2/build/car_nav
