[0.056s] DEBUG:colcon:Command line arguments: ['/usr/bin/colcon', 'build']
[0.056s] DEBUG:colcon:Parsed command line arguments: Namespace(log_base=None, log_level=None, verb_name='build', build_base='build', install_base='install', merge_install=False, symlink_install=False, test_result_base=None, continue_on_error=False, executor='parallel', parallel_workers=12, event_handlers=None, ignore_user_meta=False, metas=['./colcon.meta'], base_paths=['.'], packages_ignore=None, packages_ignore_regex=None, paths=None, packages_up_to=None, packages_up_to_regex=None, packages_above=None, packages_above_and_dependencies=None, packages_above_depth=None, packages_select_by_dep=None, packages_skip_by_dep=None, packages_skip_up_to=None, packages_select_build_failed=False, packages_skip_build_finished=False, packages_select_test_failures=False, packages_skip_test_passed=False, packages_select=None, packages_skip=None, packages_select_regex=None, packages_skip_regex=None, packages_start=None, packages_end=None, allow_overriding=[], cmake_args=None, cmake_target=None, cmake_target_skip_unavailable=False, cmake_clean_cache=False, cmake_clean_first=False, cmake_force_configure=False, ament_cmake_args=None, catkin_cmake_args=None, catkin_skip_building_tests=False, verb_parser=<colcon_defaults.argument_parser.defaults.DefaultArgumentsDecorator object at 0x7d3c68544d90>, verb_extension=<colcon_core.verb.build.BuildVerb object at 0x7d3c68544880>, main=<bound method BuildVerb.main of <colcon_core.verb.build.BuildVerb object at 0x7d3c68544880>>)
[0.159s] Level 1:colcon.colcon_core.package_discovery:discover_packages(colcon_meta) check parameters
[0.159s] Level 1:colcon.colcon_core.package_discovery:discover_packages(recursive) check parameters
[0.159s] Level 1:colcon.colcon_core.package_discovery:discover_packages(ignore) check parameters
[0.159s] Level 1:colcon.colcon_core.package_discovery:discover_packages(path) check parameters
[0.159s] Level 1:colcon.colcon_core.package_discovery:discover_packages(colcon_meta) discover
[0.159s] Level 1:colcon.colcon_core.package_discovery:discover_packages(recursive) discover
[0.159s] INFO:colcon.colcon_core.package_discovery:Crawling recursively for packages in '/home/zzz/ros2_car/ros2'
[0.159s] Level 1:colcon.colcon_core.package_identification:_identify(.) by extensions ['ignore', 'ignore_ament_install']
[0.159s] Level 1:colcon.colcon_core.package_identification:_identify(.) by extension 'ignore'
[0.159s] Level 1:colcon.colcon_core.package_identification:_identify(.) by extension 'ignore_ament_install'
[0.159s] Level 1:colcon.colcon_core.package_identification:_identify(.) by extensions ['colcon_pkg']
[0.159s] Level 1:colcon.colcon_core.package_identification:_identify(.) by extension 'colcon_pkg'
[0.159s] Level 1:colcon.colcon_core.package_identification:_identify(.) by extensions ['colcon_meta']
[0.159s] Level 1:colcon.colcon_core.package_identification:_identify(.) by extension 'colcon_meta'
[0.159s] Level 1:colcon.colcon_core.package_identification:_identify(.) by extensions ['ros']
[0.159s] Level 1:colcon.colcon_core.package_identification:_identify(.) by extension 'ros'
[0.167s] Level 1:colcon.colcon_core.package_identification:_identify(.) by extensions ['cmake', 'python']
[0.167s] Level 1:colcon.colcon_core.package_identification:_identify(.) by extension 'cmake'
[0.167s] Level 1:colcon.colcon_core.package_identification:_identify(.) by extension 'python'
[0.167s] Level 1:colcon.colcon_core.package_identification:_identify(.) by extensions ['python_setup_py']
[0.167s] Level 1:colcon.colcon_core.package_identification:_identify(.) by extension 'python_setup_py'
[0.167s] Level 1:colcon.colcon_core.package_identification:_identify(build) by extensions ['ignore', 'ignore_ament_install']
[0.167s] Level 1:colcon.colcon_core.package_identification:_identify(build) by extension 'ignore'
[0.167s] Level 1:colcon.colcon_core.package_identification:_identify(build) ignored
[0.167s] Level 1:colcon.colcon_core.package_identification:_identify(end-end_train) by extensions ['ignore', 'ignore_ament_install']
[0.167s] Level 1:colcon.colcon_core.package_identification:_identify(end-end_train) by extension 'ignore'
[0.167s] Level 1:colcon.colcon_core.package_identification:_identify(end-end_train) by extension 'ignore_ament_install'
[0.167s] Level 1:colcon.colcon_core.package_identification:_identify(end-end_train) by extensions ['colcon_pkg']
[0.167s] Level 1:colcon.colcon_core.package_identification:_identify(end-end_train) by extension 'colcon_pkg'
[0.167s] Level 1:colcon.colcon_core.package_identification:_identify(end-end_train) by extensions ['colcon_meta']
[0.167s] Level 1:colcon.colcon_core.package_identification:_identify(end-end_train) by extension 'colcon_meta'
[0.167s] Level 1:colcon.colcon_core.package_identification:_identify(end-end_train) by extensions ['ros']
[0.167s] Level 1:colcon.colcon_core.package_identification:_identify(end-end_train) by extension 'ros'
[0.167s] Level 1:colcon.colcon_core.package_identification:_identify(end-end_train) by extensions ['cmake', 'python']
[0.167s] Level 1:colcon.colcon_core.package_identification:_identify(end-end_train) by extension 'cmake'
[0.167s] Level 1:colcon.colcon_core.package_identification:_identify(end-end_train) by extension 'python'
[0.167s] Level 1:colcon.colcon_core.package_identification:_identify(end-end_train) by extensions ['python_setup_py']
[0.167s] Level 1:colcon.colcon_core.package_identification:_identify(end-end_train) by extension 'python_setup_py'
[0.167s] Level 1:colcon.colcon_core.package_identification:_identify(end-end_train/processed_data) by extensions ['ignore', 'ignore_ament_install']
[0.167s] Level 1:colcon.colcon_core.package_identification:_identify(end-end_train/processed_data) by extension 'ignore'
[0.167s] Level 1:colcon.colcon_core.package_identification:_identify(end-end_train/processed_data) by extension 'ignore_ament_install'
[0.167s] Level 1:colcon.colcon_core.package_identification:_identify(end-end_train/processed_data) by extensions ['colcon_pkg']
[0.167s] Level 1:colcon.colcon_core.package_identification:_identify(end-end_train/processed_data) by extension 'colcon_pkg'
[0.167s] Level 1:colcon.colcon_core.package_identification:_identify(end-end_train/processed_data) by extensions ['colcon_meta']
[0.167s] Level 1:colcon.colcon_core.package_identification:_identify(end-end_train/processed_data) by extension 'colcon_meta'
[0.167s] Level 1:colcon.colcon_core.package_identification:_identify(end-end_train/processed_data) by extensions ['ros']
[0.167s] Level 1:colcon.colcon_core.package_identification:_identify(end-end_train/processed_data) by extension 'ros'
[0.168s] Level 1:colcon.colcon_core.package_identification:_identify(end-end_train/processed_data) by extensions ['cmake', 'python']
[0.168s] Level 1:colcon.colcon_core.package_identification:_identify(end-end_train/processed_data) by extension 'cmake'
[0.168s] Level 1:colcon.colcon_core.package_identification:_identify(end-end_train/processed_data) by extension 'python'
[0.168s] Level 1:colcon.colcon_core.package_identification:_identify(end-end_train/processed_data) by extensions ['python_setup_py']
[0.168s] Level 1:colcon.colcon_core.package_identification:_identify(end-end_train/processed_data) by extension 'python_setup_py'
[0.168s] Level 1:colcon.colcon_core.package_identification:_identify(end-end_train/raw_bags) by extensions ['ignore', 'ignore_ament_install']
[0.168s] Level 1:colcon.colcon_core.package_identification:_identify(end-end_train/raw_bags) by extension 'ignore'
[0.168s] Level 1:colcon.colcon_core.package_identification:_identify(end-end_train/raw_bags) by extension 'ignore_ament_install'
[0.168s] Level 1:colcon.colcon_core.package_identification:_identify(end-end_train/raw_bags) by extensions ['colcon_pkg']
[0.168s] Level 1:colcon.colcon_core.package_identification:_identify(end-end_train/raw_bags) by extension 'colcon_pkg'
[0.168s] Level 1:colcon.colcon_core.package_identification:_identify(end-end_train/raw_bags) by extensions ['colcon_meta']
[0.168s] Level 1:colcon.colcon_core.package_identification:_identify(end-end_train/raw_bags) by extension 'colcon_meta'
[0.168s] Level 1:colcon.colcon_core.package_identification:_identify(end-end_train/raw_bags) by extensions ['ros']
[0.168s] Level 1:colcon.colcon_core.package_identification:_identify(end-end_train/raw_bags) by extension 'ros'
[0.168s] Level 1:colcon.colcon_core.package_identification:_identify(end-end_train/raw_bags) by extensions ['cmake', 'python']
[0.168s] Level 1:colcon.colcon_core.package_identification:_identify(end-end_train/raw_bags) by extension 'cmake'
[0.168s] Level 1:colcon.colcon_core.package_identification:_identify(end-end_train/raw_bags) by extension 'python'
[0.168s] Level 1:colcon.colcon_core.package_identification:_identify(end-end_train/raw_bags) by extensions ['python_setup_py']
[0.168s] Level 1:colcon.colcon_core.package_identification:_identify(end-end_train/raw_bags) by extension 'python_setup_py'
[0.168s] Level 1:colcon.colcon_core.package_identification:_identify(end-end_train/raw_bags/0925_mission_1) by extensions ['ignore', 'ignore_ament_install']
[0.168s] Level 1:colcon.colcon_core.package_identification:_identify(end-end_train/raw_bags/0925_mission_1) by extension 'ignore'
[0.168s] Level 1:colcon.colcon_core.package_identification:_identify(end-end_train/raw_bags/0925_mission_1) by extension 'ignore_ament_install'
[0.168s] Level 1:colcon.colcon_core.package_identification:_identify(end-end_train/raw_bags/0925_mission_1) by extensions ['colcon_pkg']
[0.168s] Level 1:colcon.colcon_core.package_identification:_identify(end-end_train/raw_bags/0925_mission_1) by extension 'colcon_pkg'
[0.168s] Level 1:colcon.colcon_core.package_identification:_identify(end-end_train/raw_bags/0925_mission_1) by extensions ['colcon_meta']
[0.168s] Level 1:colcon.colcon_core.package_identification:_identify(end-end_train/raw_bags/0925_mission_1) by extension 'colcon_meta'
[0.168s] Level 1:colcon.colcon_core.package_identification:_identify(end-end_train/raw_bags/0925_mission_1) by extensions ['ros']
[0.168s] Level 1:colcon.colcon_core.package_identification:_identify(end-end_train/raw_bags/0925_mission_1) by extension 'ros'
[0.168s] Level 1:colcon.colcon_core.package_identification:_identify(end-end_train/raw_bags/0925_mission_1) by extensions ['cmake', 'python']
[0.168s] Level 1:colcon.colcon_core.package_identification:_identify(end-end_train/raw_bags/0925_mission_1) by extension 'cmake'
[0.168s] Level 1:colcon.colcon_core.package_identification:_identify(end-end_train/raw_bags/0925_mission_1) by extension 'python'
[0.168s] Level 1:colcon.colcon_core.package_identification:_identify(end-end_train/raw_bags/0925_mission_1) by extensions ['python_setup_py']
[0.168s] Level 1:colcon.colcon_core.package_identification:_identify(end-end_train/raw_bags/0925_mission_1) by extension 'python_setup_py'
[0.168s] Level 1:colcon.colcon_core.package_identification:_identify(end-end_train/raw_bags/0925_mission_2) by extensions ['ignore', 'ignore_ament_install']
[0.168s] Level 1:colcon.colcon_core.package_identification:_identify(end-end_train/raw_bags/0925_mission_2) by extension 'ignore'
[0.168s] Level 1:colcon.colcon_core.package_identification:_identify(end-end_train/raw_bags/0925_mission_2) by extension 'ignore_ament_install'
[0.168s] Level 1:colcon.colcon_core.package_identification:_identify(end-end_train/raw_bags/0925_mission_2) by extensions ['colcon_pkg']
[0.168s] Level 1:colcon.colcon_core.package_identification:_identify(end-end_train/raw_bags/0925_mission_2) by extension 'colcon_pkg'
[0.168s] Level 1:colcon.colcon_core.package_identification:_identify(end-end_train/raw_bags/0925_mission_2) by extensions ['colcon_meta']
[0.168s] Level 1:colcon.colcon_core.package_identification:_identify(end-end_train/raw_bags/0925_mission_2) by extension 'colcon_meta'
[0.168s] Level 1:colcon.colcon_core.package_identification:_identify(end-end_train/raw_bags/0925_mission_2) by extensions ['ros']
[0.168s] Level 1:colcon.colcon_core.package_identification:_identify(end-end_train/raw_bags/0925_mission_2) by extension 'ros'
[0.168s] Level 1:colcon.colcon_core.package_identification:_identify(end-end_train/raw_bags/0925_mission_2) by extensions ['cmake', 'python']
[0.168s] Level 1:colcon.colcon_core.package_identification:_identify(end-end_train/raw_bags/0925_mission_2) by extension 'cmake'
[0.168s] Level 1:colcon.colcon_core.package_identification:_identify(end-end_train/raw_bags/0925_mission_2) by extension 'python'
[0.168s] Level 1:colcon.colcon_core.package_identification:_identify(end-end_train/raw_bags/0925_mission_2) by extensions ['python_setup_py']
[0.168s] Level 1:colcon.colcon_core.package_identification:_identify(end-end_train/raw_bags/0925_mission_2) by extension 'python_setup_py'
[0.168s] Level 1:colcon.colcon_core.package_identification:_identify(end-end_train/raw_bags/0925_mission_3) by extensions ['ignore', 'ignore_ament_install']
[0.168s] Level 1:colcon.colcon_core.package_identification:_identify(end-end_train/raw_bags/0925_mission_3) by extension 'ignore'
[0.168s] Level 1:colcon.colcon_core.package_identification:_identify(end-end_train/raw_bags/0925_mission_3) by extension 'ignore_ament_install'
[0.169s] Level 1:colcon.colcon_core.package_identification:_identify(end-end_train/raw_bags/0925_mission_3) by extensions ['colcon_pkg']
[0.169s] Level 1:colcon.colcon_core.package_identification:_identify(end-end_train/raw_bags/0925_mission_3) by extension 'colcon_pkg'
[0.169s] Level 1:colcon.colcon_core.package_identification:_identify(end-end_train/raw_bags/0925_mission_3) by extensions ['colcon_meta']
[0.169s] Level 1:colcon.colcon_core.package_identification:_identify(end-end_train/raw_bags/0925_mission_3) by extension 'colcon_meta'
[0.169s] Level 1:colcon.colcon_core.package_identification:_identify(end-end_train/raw_bags/0925_mission_3) by extensions ['ros']
[0.169s] Level 1:colcon.colcon_core.package_identification:_identify(end-end_train/raw_bags/0925_mission_3) by extension 'ros'
[0.169s] Level 1:colcon.colcon_core.package_identification:_identify(end-end_train/raw_bags/0925_mission_3) by extensions ['cmake', 'python']
[0.169s] Level 1:colcon.colcon_core.package_identification:_identify(end-end_train/raw_bags/0925_mission_3) by extension 'cmake'
[0.169s] Level 1:colcon.colcon_core.package_identification:_identify(end-end_train/raw_bags/0925_mission_3) by extension 'python'
[0.169s] Level 1:colcon.colcon_core.package_identification:_identify(end-end_train/raw_bags/0925_mission_3) by extensions ['python_setup_py']
[0.169s] Level 1:colcon.colcon_core.package_identification:_identify(end-end_train/raw_bags/0925_mission_3) by extension 'python_setup_py'
[0.169s] Level 1:colcon.colcon_core.package_identification:_identify(end-end_train/raw_bags/0925_mission_4) by extensions ['ignore', 'ignore_ament_install']
[0.169s] Level 1:colcon.colcon_core.package_identification:_identify(end-end_train/raw_bags/0925_mission_4) by extension 'ignore'
[0.169s] Level 1:colcon.colcon_core.package_identification:_identify(end-end_train/raw_bags/0925_mission_4) by extension 'ignore_ament_install'
[0.169s] Level 1:colcon.colcon_core.package_identification:_identify(end-end_train/raw_bags/0925_mission_4) by extensions ['colcon_pkg']
[0.169s] Level 1:colcon.colcon_core.package_identification:_identify(end-end_train/raw_bags/0925_mission_4) by extension 'colcon_pkg'
[0.169s] Level 1:colcon.colcon_core.package_identification:_identify(end-end_train/raw_bags/0925_mission_4) by extensions ['colcon_meta']
[0.169s] Level 1:colcon.colcon_core.package_identification:_identify(end-end_train/raw_bags/0925_mission_4) by extension 'colcon_meta'
[0.169s] Level 1:colcon.colcon_core.package_identification:_identify(end-end_train/raw_bags/0925_mission_4) by extensions ['ros']
[0.169s] Level 1:colcon.colcon_core.package_identification:_identify(end-end_train/raw_bags/0925_mission_4) by extension 'ros'
[0.169s] Level 1:colcon.colcon_core.package_identification:_identify(end-end_train/raw_bags/0925_mission_4) by extensions ['cmake', 'python']
[0.169s] Level 1:colcon.colcon_core.package_identification:_identify(end-end_train/raw_bags/0925_mission_4) by extension 'cmake'
[0.169s] Level 1:colcon.colcon_core.package_identification:_identify(end-end_train/raw_bags/0925_mission_4) by extension 'python'
[0.169s] Level 1:colcon.colcon_core.package_identification:_identify(end-end_train/raw_bags/0925_mission_4) by extensions ['python_setup_py']
[0.169s] Level 1:colcon.colcon_core.package_identification:_identify(end-end_train/raw_bags/0925_mission_4) by extension 'python_setup_py'
[0.169s] Level 1:colcon.colcon_core.package_identification:_identify(end-end_train/raw_bags/0925_mission_5) by extensions ['ignore', 'ignore_ament_install']
[0.169s] Level 1:colcon.colcon_core.package_identification:_identify(end-end_train/raw_bags/0925_mission_5) by extension 'ignore'
[0.169s] Level 1:colcon.colcon_core.package_identification:_identify(end-end_train/raw_bags/0925_mission_5) by extension 'ignore_ament_install'
[0.169s] Level 1:colcon.colcon_core.package_identification:_identify(end-end_train/raw_bags/0925_mission_5) by extensions ['colcon_pkg']
[0.169s] Level 1:colcon.colcon_core.package_identification:_identify(end-end_train/raw_bags/0925_mission_5) by extension 'colcon_pkg'
[0.169s] Level 1:colcon.colcon_core.package_identification:_identify(end-end_train/raw_bags/0925_mission_5) by extensions ['colcon_meta']
[0.169s] Level 1:colcon.colcon_core.package_identification:_identify(end-end_train/raw_bags/0925_mission_5) by extension 'colcon_meta'
[0.169s] Level 1:colcon.colcon_core.package_identification:_identify(end-end_train/raw_bags/0925_mission_5) by extensions ['ros']
[0.169s] Level 1:colcon.colcon_core.package_identification:_identify(end-end_train/raw_bags/0925_mission_5) by extension 'ros'
[0.169s] Level 1:colcon.colcon_core.package_identification:_identify(end-end_train/raw_bags/0925_mission_5) by extensions ['cmake', 'python']
[0.169s] Level 1:colcon.colcon_core.package_identification:_identify(end-end_train/raw_bags/0925_mission_5) by extension 'cmake'
[0.169s] Level 1:colcon.colcon_core.package_identification:_identify(end-end_train/raw_bags/0925_mission_5) by extension 'python'
[0.169s] Level 1:colcon.colcon_core.package_identification:_identify(end-end_train/raw_bags/0925_mission_5) by extensions ['python_setup_py']
[0.169s] Level 1:colcon.colcon_core.package_identification:_identify(end-end_train/raw_bags/0925_mission_5) by extension 'python_setup_py'
[0.169s] Level 1:colcon.colcon_core.package_identification:_identify(end-end_train/raw_bags/0925_mission_6) by extensions ['ignore', 'ignore_ament_install']
[0.169s] Level 1:colcon.colcon_core.package_identification:_identify(end-end_train/raw_bags/0925_mission_6) by extension 'ignore'
[0.169s] Level 1:colcon.colcon_core.package_identification:_identify(end-end_train/raw_bags/0925_mission_6) by extension 'ignore_ament_install'
[0.169s] Level 1:colcon.colcon_core.package_identification:_identify(end-end_train/raw_bags/0925_mission_6) by extensions ['colcon_pkg']
[0.169s] Level 1:colcon.colcon_core.package_identification:_identify(end-end_train/raw_bags/0925_mission_6) by extension 'colcon_pkg'
[0.169s] Level 1:colcon.colcon_core.package_identification:_identify(end-end_train/raw_bags/0925_mission_6) by extensions ['colcon_meta']
[0.169s] Level 1:colcon.colcon_core.package_identification:_identify(end-end_train/raw_bags/0925_mission_6) by extension 'colcon_meta'
[0.169s] Level 1:colcon.colcon_core.package_identification:_identify(end-end_train/raw_bags/0925_mission_6) by extensions ['ros']
[0.169s] Level 1:colcon.colcon_core.package_identification:_identify(end-end_train/raw_bags/0925_mission_6) by extension 'ros'
[0.169s] Level 1:colcon.colcon_core.package_identification:_identify(end-end_train/raw_bags/0925_mission_6) by extensions ['cmake', 'python']
[0.169s] Level 1:colcon.colcon_core.package_identification:_identify(end-end_train/raw_bags/0925_mission_6) by extension 'cmake'
[0.169s] Level 1:colcon.colcon_core.package_identification:_identify(end-end_train/raw_bags/0925_mission_6) by extension 'python'
[0.169s] Level 1:colcon.colcon_core.package_identification:_identify(end-end_train/raw_bags/0925_mission_6) by extensions ['python_setup_py']
[0.169s] Level 1:colcon.colcon_core.package_identification:_identify(end-end_train/raw_bags/0925_mission_6) by extension 'python_setup_py'
[0.170s] Level 1:colcon.colcon_core.package_identification:_identify(end-end_train/src) by extensions ['ignore', 'ignore_ament_install']
[0.170s] Level 1:colcon.colcon_core.package_identification:_identify(end-end_train/src) by extension 'ignore'
[0.170s] Level 1:colcon.colcon_core.package_identification:_identify(end-end_train/src) by extension 'ignore_ament_install'
[0.170s] Level 1:colcon.colcon_core.package_identification:_identify(end-end_train/src) by extensions ['colcon_pkg']
[0.170s] Level 1:colcon.colcon_core.package_identification:_identify(end-end_train/src) by extension 'colcon_pkg'
[0.170s] Level 1:colcon.colcon_core.package_identification:_identify(end-end_train/src) by extensions ['colcon_meta']
[0.170s] Level 1:colcon.colcon_core.package_identification:_identify(end-end_train/src) by extension 'colcon_meta'
[0.170s] Level 1:colcon.colcon_core.package_identification:_identify(end-end_train/src) by extensions ['ros']
[0.170s] Level 1:colcon.colcon_core.package_identification:_identify(end-end_train/src) by extension 'ros'
[0.170s] Level 1:colcon.colcon_core.package_identification:_identify(end-end_train/src) by extensions ['cmake', 'python']
[0.170s] Level 1:colcon.colcon_core.package_identification:_identify(end-end_train/src) by extension 'cmake'
[0.170s] Level 1:colcon.colcon_core.package_identification:_identify(end-end_train/src) by extension 'python'
[0.170s] Level 1:colcon.colcon_core.package_identification:_identify(end-end_train/src) by extensions ['python_setup_py']
[0.170s] Level 1:colcon.colcon_core.package_identification:_identify(end-end_train/src) by extension 'python_setup_py'
[0.170s] Level 1:colcon.colcon_core.package_identification:_identify(end-end_train/src/__pycache__) by extensions ['ignore', 'ignore_ament_install']
[0.170s] Level 1:colcon.colcon_core.package_identification:_identify(end-end_train/src/__pycache__) by extension 'ignore'
[0.170s] Level 1:colcon.colcon_core.package_identification:_identify(end-end_train/src/__pycache__) by extension 'ignore_ament_install'
[0.170s] Level 1:colcon.colcon_core.package_identification:_identify(end-end_train/src/__pycache__) by extensions ['colcon_pkg']
[0.170s] Level 1:colcon.colcon_core.package_identification:_identify(end-end_train/src/__pycache__) by extension 'colcon_pkg'
[0.170s] Level 1:colcon.colcon_core.package_identification:_identify(end-end_train/src/__pycache__) by extensions ['colcon_meta']
[0.170s] Level 1:colcon.colcon_core.package_identification:_identify(end-end_train/src/__pycache__) by extension 'colcon_meta'
[0.170s] Level 1:colcon.colcon_core.package_identification:_identify(end-end_train/src/__pycache__) by extensions ['ros']
[0.170s] Level 1:colcon.colcon_core.package_identification:_identify(end-end_train/src/__pycache__) by extension 'ros'
[0.170s] Level 1:colcon.colcon_core.package_identification:_identify(end-end_train/src/__pycache__) by extensions ['cmake', 'python']
[0.170s] Level 1:colcon.colcon_core.package_identification:_identify(end-end_train/src/__pycache__) by extension 'cmake'
[0.170s] Level 1:colcon.colcon_core.package_identification:_identify(end-end_train/src/__pycache__) by extension 'python'
[0.170s] Level 1:colcon.colcon_core.package_identification:_identify(end-end_train/src/__pycache__) by extensions ['python_setup_py']
[0.170s] Level 1:colcon.colcon_core.package_identification:_identify(end-end_train/src/__pycache__) by extension 'python_setup_py'
[0.170s] Level 1:colcon.colcon_core.package_identification:_identify(install) by extensions ['ignore', 'ignore_ament_install']
[0.170s] Level 1:colcon.colcon_core.package_identification:_identify(install) by extension 'ignore'
[0.170s] Level 1:colcon.colcon_core.package_identification:_identify(install) ignored
[0.170s] Level 1:colcon.colcon_core.package_identification:_identify(log) by extensions ['ignore', 'ignore_ament_install']
[0.170s] Level 1:colcon.colcon_core.package_identification:_identify(log) by extension 'ignore'
[0.170s] Level 1:colcon.colcon_core.package_identification:_identify(log) ignored
[0.170s] Level 1:colcon.colcon_core.package_identification:_identify(maps) by extensions ['ignore', 'ignore_ament_install']
[0.170s] Level 1:colcon.colcon_core.package_identification:_identify(maps) by extension 'ignore'
[0.170s] Level 1:colcon.colcon_core.package_identification:_identify(maps) by extension 'ignore_ament_install'
[0.170s] Level 1:colcon.colcon_core.package_identification:_identify(maps) by extensions ['colcon_pkg']
[0.170s] Level 1:colcon.colcon_core.package_identification:_identify(maps) by extension 'colcon_pkg'
[0.170s] Level 1:colcon.colcon_core.package_identification:_identify(maps) by extensions ['colcon_meta']
[0.170s] Level 1:colcon.colcon_core.package_identification:_identify(maps) by extension 'colcon_meta'
[0.170s] Level 1:colcon.colcon_core.package_identification:_identify(maps) by extensions ['ros']
[0.170s] Level 1:colcon.colcon_core.package_identification:_identify(maps) by extension 'ros'
[0.170s] Level 1:colcon.colcon_core.package_identification:_identify(maps) by extensions ['cmake', 'python']
[0.170s] Level 1:colcon.colcon_core.package_identification:_identify(maps) by extension 'cmake'
[0.170s] Level 1:colcon.colcon_core.package_identification:_identify(maps) by extension 'python'
[0.171s] Level 1:colcon.colcon_core.package_identification:_identify(maps) by extensions ['python_setup_py']
[0.171s] Level 1:colcon.colcon_core.package_identification:_identify(maps) by extension 'python_setup_py'
[0.171s] Level 1:colcon.colcon_core.package_identification:_identify(maps-1) by extensions ['ignore', 'ignore_ament_install']
[0.171s] Level 1:colcon.colcon_core.package_identification:_identify(maps-1) by extension 'ignore'
[0.171s] Level 1:colcon.colcon_core.package_identification:_identify(maps-1) by extension 'ignore_ament_install'
[0.171s] Level 1:colcon.colcon_core.package_identification:_identify(maps-1) by extensions ['colcon_pkg']
[0.171s] Level 1:colcon.colcon_core.package_identification:_identify(maps-1) by extension 'colcon_pkg'
[0.171s] Level 1:colcon.colcon_core.package_identification:_identify(maps-1) by extensions ['colcon_meta']
[0.171s] Level 1:colcon.colcon_core.package_identification:_identify(maps-1) by extension 'colcon_meta'
[0.171s] Level 1:colcon.colcon_core.package_identification:_identify(maps-1) by extensions ['ros']
[0.171s] Level 1:colcon.colcon_core.package_identification:_identify(maps-1) by extension 'ros'
[0.171s] Level 1:colcon.colcon_core.package_identification:_identify(maps-1) by extensions ['cmake', 'python']
[0.171s] Level 1:colcon.colcon_core.package_identification:_identify(maps-1) by extension 'cmake'
[0.171s] Level 1:colcon.colcon_core.package_identification:_identify(maps-1) by extension 'python'
[0.171s] Level 1:colcon.colcon_core.package_identification:_identify(maps-1) by extensions ['python_setup_py']
[0.171s] Level 1:colcon.colcon_core.package_identification:_identify(maps-1) by extension 'python_setup_py'
[0.171s] Level 1:colcon.colcon_core.package_identification:_identify(maps-2) by extensions ['ignore', 'ignore_ament_install']
[0.171s] Level 1:colcon.colcon_core.package_identification:_identify(maps-2) by extension 'ignore'
[0.171s] Level 1:colcon.colcon_core.package_identification:_identify(maps-2) by extension 'ignore_ament_install'
[0.171s] Level 1:colcon.colcon_core.package_identification:_identify(maps-2) by extensions ['colcon_pkg']
[0.171s] Level 1:colcon.colcon_core.package_identification:_identify(maps-2) by extension 'colcon_pkg'
[0.171s] Level 1:colcon.colcon_core.package_identification:_identify(maps-2) by extensions ['colcon_meta']
[0.171s] Level 1:colcon.colcon_core.package_identification:_identify(maps-2) by extension 'colcon_meta'
[0.171s] Level 1:colcon.colcon_core.package_identification:_identify(maps-2) by extensions ['ros']
[0.171s] Level 1:colcon.colcon_core.package_identification:_identify(maps-2) by extension 'ros'
[0.171s] Level 1:colcon.colcon_core.package_identification:_identify(maps-2) by extensions ['cmake', 'python']
[0.171s] Level 1:colcon.colcon_core.package_identification:_identify(maps-2) by extension 'cmake'
[0.171s] Level 1:colcon.colcon_core.package_identification:_identify(maps-2) by extension 'python'
[0.171s] Level 1:colcon.colcon_core.package_identification:_identify(maps-2) by extensions ['python_setup_py']
[0.171s] Level 1:colcon.colcon_core.package_identification:_identify(maps-2) by extension 'python_setup_py'
[0.171s] Level 1:colcon.colcon_core.package_identification:_identify(src) by extensions ['ignore', 'ignore_ament_install']
[0.171s] Level 1:colcon.colcon_core.package_identification:_identify(src) by extension 'ignore'
[0.171s] Level 1:colcon.colcon_core.package_identification:_identify(src) by extension 'ignore_ament_install'
[0.171s] Level 1:colcon.colcon_core.package_identification:_identify(src) by extensions ['colcon_pkg']
[0.171s] Level 1:colcon.colcon_core.package_identification:_identify(src) by extension 'colcon_pkg'
[0.171s] Level 1:colcon.colcon_core.package_identification:_identify(src) by extensions ['colcon_meta']
[0.171s] Level 1:colcon.colcon_core.package_identification:_identify(src) by extension 'colcon_meta'
[0.171s] Level 1:colcon.colcon_core.package_identification:_identify(src) by extensions ['ros']
[0.171s] Level 1:colcon.colcon_core.package_identification:_identify(src) by extension 'ros'
[0.171s] Level 1:colcon.colcon_core.package_identification:_identify(src) by extensions ['cmake', 'python']
[0.171s] Level 1:colcon.colcon_core.package_identification:_identify(src) by extension 'cmake'
[0.171s] Level 1:colcon.colcon_core.package_identification:_identify(src) by extension 'python'
[0.171s] Level 1:colcon.colcon_core.package_identification:_identify(src) by extensions ['python_setup_py']
[0.171s] Level 1:colcon.colcon_core.package_identification:_identify(src) by extension 'python_setup_py'
[0.171s] Level 1:colcon.colcon_core.package_identification:_identify(src/car_mapping) by extensions ['ignore', 'ignore_ament_install']
[0.171s] Level 1:colcon.colcon_core.package_identification:_identify(src/car_mapping) by extension 'ignore'
[0.171s] Level 1:colcon.colcon_core.package_identification:_identify(src/car_mapping) by extension 'ignore_ament_install'
[0.171s] Level 1:colcon.colcon_core.package_identification:_identify(src/car_mapping) by extensions ['colcon_pkg']
[0.171s] Level 1:colcon.colcon_core.package_identification:_identify(src/car_mapping) by extension 'colcon_pkg'
[0.171s] Level 1:colcon.colcon_core.package_identification:_identify(src/car_mapping) by extensions ['colcon_meta']
[0.171s] Level 1:colcon.colcon_core.package_identification:_identify(src/car_mapping) by extension 'colcon_meta'
[0.171s] Level 1:colcon.colcon_core.package_identification:_identify(src/car_mapping) by extensions ['ros']
[0.171s] Level 1:colcon.colcon_core.package_identification:_identify(src/car_mapping) by extension 'ros'
[0.180s] DEBUG:colcon.colcon_core.package_identification:Package 'src/car_mapping' with type 'ros.ament_cmake' and name 'car_mapping'
[0.180s] Level 1:colcon.colcon_core.package_identification:_identify(src/car_nav) by extensions ['ignore', 'ignore_ament_install']
[0.180s] Level 1:colcon.colcon_core.package_identification:_identify(src/car_nav) by extension 'ignore'
[0.180s] Level 1:colcon.colcon_core.package_identification:_identify(src/car_nav) by extension 'ignore_ament_install'
[0.180s] Level 1:colcon.colcon_core.package_identification:_identify(src/car_nav) by extensions ['colcon_pkg']
[0.180s] Level 1:colcon.colcon_core.package_identification:_identify(src/car_nav) by extension 'colcon_pkg'
[0.180s] Level 1:colcon.colcon_core.package_identification:_identify(src/car_nav) by extensions ['colcon_meta']
[0.180s] Level 1:colcon.colcon_core.package_identification:_identify(src/car_nav) by extension 'colcon_meta'
[0.180s] Level 1:colcon.colcon_core.package_identification:_identify(src/car_nav) by extensions ['ros']
[0.180s] Level 1:colcon.colcon_core.package_identification:_identify(src/car_nav) by extension 'ros'
[0.181s] DEBUG:colcon.colcon_core.package_identification:Package 'src/car_nav' with type 'ros.ament_cmake' and name 'car_nav'
[0.181s] Level 1:colcon.colcon_core.package_discovery:discover_packages(recursive) using defaults
[0.181s] Level 1:colcon.colcon_core.package_discovery:discover_packages(ignore) discover
[0.181s] Level 1:colcon.colcon_core.package_discovery:discover_packages(ignore) using defaults
[0.181s] Level 1:colcon.colcon_core.package_discovery:discover_packages(path) discover
[0.181s] Level 1:colcon.colcon_core.package_discovery:discover_packages(path) using defaults
[0.192s] Level 1:colcon.colcon_core.package_discovery:discover_packages(prefix_path) check parameters
[0.192s] Level 1:colcon.colcon_core.package_discovery:discover_packages(prefix_path) discover
[0.193s] DEBUG:colcon.colcon_installed_package_information.package_discovery:Found 2 installed packages in /home/zzz/ros2_car/ros2/install
[0.194s] DEBUG:colcon.colcon_installed_package_information.package_discovery:Found 379 installed packages in /opt/ros/humble
[0.195s] Level 1:colcon.colcon_core.package_discovery:discover_packages(prefix_path) using defaults
[0.221s] Level 5:colcon.colcon_core.verb:set package 'car_mapping' build argument 'cmake_args' from command line to 'None'
[0.221s] Level 5:colcon.colcon_core.verb:set package 'car_mapping' build argument 'cmake_target' from command line to 'None'
[0.221s] Level 5:colcon.colcon_core.verb:set package 'car_mapping' build argument 'cmake_target_skip_unavailable' from command line to 'False'
[0.221s] Level 5:colcon.colcon_core.verb:set package 'car_mapping' build argument 'cmake_clean_cache' from command line to 'False'
[0.221s] Level 5:colcon.colcon_core.verb:set package 'car_mapping' build argument 'cmake_clean_first' from command line to 'False'
[0.221s] Level 5:colcon.colcon_core.verb:set package 'car_mapping' build argument 'cmake_force_configure' from command line to 'False'
[0.221s] Level 5:colcon.colcon_core.verb:set package 'car_mapping' build argument 'ament_cmake_args' from command line to 'None'
[0.221s] Level 5:colcon.colcon_core.verb:set package 'car_mapping' build argument 'catkin_cmake_args' from command line to 'None'
[0.221s] Level 5:colcon.colcon_core.verb:set package 'car_mapping' build argument 'catkin_skip_building_tests' from command line to 'False'
[0.221s] DEBUG:colcon.colcon_core.verb:Building package 'car_mapping' with the following arguments: {'ament_cmake_args': None, 'build_base': '/home/zzz/ros2_car/ros2/build/car_mapping', 'catkin_cmake_args': None, 'catkin_skip_building_tests': False, 'cmake_args': None, 'cmake_clean_cache': False, 'cmake_clean_first': False, 'cmake_force_configure': False, 'cmake_target': None, 'cmake_target_skip_unavailable': False, 'install_base': '/home/zzz/ros2_car/ros2/install/car_mapping', 'merge_install': False, 'path': '/home/zzz/ros2_car/ros2/src/car_mapping', 'symlink_install': False, 'test_result_base': None}
[0.221s] Level 5:colcon.colcon_core.verb:set package 'car_nav' build argument 'cmake_args' from command line to 'None'
[0.221s] Level 5:colcon.colcon_core.verb:set package 'car_nav' build argument 'cmake_target' from command line to 'None'
[0.221s] Level 5:colcon.colcon_core.verb:set package 'car_nav' build argument 'cmake_target_skip_unavailable' from command line to 'False'
[0.221s] Level 5:colcon.colcon_core.verb:set package 'car_nav' build argument 'cmake_clean_cache' from command line to 'False'
[0.221s] Level 5:colcon.colcon_core.verb:set package 'car_nav' build argument 'cmake_clean_first' from command line to 'False'
[0.221s] Level 5:colcon.colcon_core.verb:set package 'car_nav' build argument 'cmake_force_configure' from command line to 'False'
[0.221s] Level 5:colcon.colcon_core.verb:set package 'car_nav' build argument 'ament_cmake_args' from command line to 'None'
[0.221s] Level 5:colcon.colcon_core.verb:set package 'car_nav' build argument 'catkin_cmake_args' from command line to 'None'
[0.221s] Level 5:colcon.colcon_core.verb:set package 'car_nav' build argument 'catkin_skip_building_tests' from command line to 'False'
[0.221s] DEBUG:colcon.colcon_core.verb:Building package 'car_nav' with the following arguments: {'ament_cmake_args': None, 'build_base': '/home/zzz/ros2_car/ros2/build/car_nav', 'catkin_cmake_args': None, 'catkin_skip_building_tests': False, 'cmake_args': None, 'cmake_clean_cache': False, 'cmake_clean_first': False, 'cmake_force_configure': False, 'cmake_target': None, 'cmake_target_skip_unavailable': False, 'install_base': '/home/zzz/ros2_car/ros2/install/car_nav', 'merge_install': False, 'path': '/home/zzz/ros2_car/ros2/src/car_nav', 'symlink_install': False, 'test_result_base': None}
[0.221s] INFO:colcon.colcon_core.executor:Executing jobs using 'parallel' executor
[0.222s] DEBUG:colcon.colcon_parallel_executor.executor.parallel:run_until_complete
[0.222s] INFO:colcon.colcon_ros.task.ament_cmake.build:Building ROS package in '/home/zzz/ros2_car/ros2/src/car_mapping' with build type 'ament_cmake'
[0.222s] INFO:colcon.colcon_cmake.task.cmake.build:Building CMake package in '/home/zzz/ros2_car/ros2/src/car_mapping'
[0.223s] INFO:colcon.colcon_core.plugin_system:Skipping extension 'colcon_core.shell.bat': Not used on non-Windows systems
[0.223s] INFO:colcon.colcon_core.shell:Skip shell extension 'powershell' for command environment: Not usable outside of PowerShell
[0.223s] DEBUG:colcon.colcon_core.shell:Skip shell extension 'dsv' for command environment
[0.226s] INFO:colcon.colcon_ros.task.ament_cmake.build:Building ROS package in '/home/zzz/ros2_car/ros2/src/car_nav' with build type 'ament_cmake'
[0.226s] INFO:colcon.colcon_cmake.task.cmake.build:Building CMake package in '/home/zzz/ros2_car/ros2/src/car_nav'
[0.226s] INFO:colcon.colcon_core.shell:Skip shell extension 'powershell' for command environment: Not usable outside of PowerShell
[0.226s] DEBUG:colcon.colcon_core.shell:Skip shell extension 'dsv' for command environment
[0.232s] DEBUG:colcon.colcon_core.event_handler.log_command:Invoking command in '/home/zzz/ros2_car/ros2/build/car_mapping': CMAKE_PREFIX_PATH=${CMAKE_PREFIX_PATH}:/opt/ros/humble /usr/bin/cmake --build /home/zzz/ros2_car/ros2/build/car_mapping -- -j12 -l12
[0.234s] DEBUG:colcon.colcon_core.event_handler.log_command:Invoking command in '/home/zzz/ros2_car/ros2/build/car_nav': CMAKE_PREFIX_PATH=${CMAKE_PREFIX_PATH}:/opt/ros/humble /usr/bin/cmake --build /home/zzz/ros2_car/ros2/build/car_nav -- -j12 -l12
[0.261s] DEBUG:colcon.colcon_core.event_handler.log_command:Invoked command in '/home/zzz/ros2_car/ros2/build/car_mapping' returned '0': CMAKE_PREFIX_PATH=${CMAKE_PREFIX_PATH}:/opt/ros/humble /usr/bin/cmake --build /home/zzz/ros2_car/ros2/build/car_mapping -- -j12 -l12
[0.270s] DEBUG:colcon.colcon_core.event_handler.log_command:Invoking command in '/home/zzz/ros2_car/ros2/build/car_mapping': CMAKE_PREFIX_PATH=${CMAKE_PREFIX_PATH}:/opt/ros/humble /usr/bin/cmake --install /home/zzz/ros2_car/ros2/build/car_mapping
[0.278s] Level 1:colcon.colcon_core.environment:create_environment_scripts_only(car_mapping)
[0.279s] DEBUG:colcon.colcon_core.event_handler.log_command:Invoked command in '/home/zzz/ros2_car/ros2/build/car_mapping' returned '0': CMAKE_PREFIX_PATH=${CMAKE_PREFIX_PATH}:/opt/ros/humble /usr/bin/cmake --install /home/zzz/ros2_car/ros2/build/car_mapping
[0.280s] Level 1:colcon.colcon_core.environment:checking '/home/zzz/ros2_car/ros2/install/car_mapping' for CMake module files
[0.280s] Level 1:colcon.colcon_core.environment:checking '/home/zzz/ros2_car/ros2/install/car_mapping' for CMake config files
[0.280s] Level 1:colcon.colcon_core.shell:create_environment_hook('car_mapping', 'cmake_prefix_path')
[0.281s] INFO:colcon.colcon_core.shell:Creating environment hook '/home/zzz/ros2_car/ros2/install/car_mapping/share/car_mapping/hook/cmake_prefix_path.ps1'
[0.281s] INFO:colcon.colcon_core.shell:Creating environment descriptor '/home/zzz/ros2_car/ros2/install/car_mapping/share/car_mapping/hook/cmake_prefix_path.dsv'
[0.281s] INFO:colcon.colcon_core.shell:Creating environment hook '/home/zzz/ros2_car/ros2/install/car_mapping/share/car_mapping/hook/cmake_prefix_path.sh'
[0.282s] Level 1:colcon.colcon_core.environment:checking '/home/zzz/ros2_car/ros2/install/car_mapping/lib'
[0.282s] Level 1:colcon.colcon_core.environment:checking '/home/zzz/ros2_car/ros2/install/car_mapping/bin'
[0.282s] Level 1:colcon.colcon_core.environment:checking '/home/zzz/ros2_car/ros2/install/car_mapping/lib/pkgconfig/car_mapping.pc'
[0.282s] Level 1:colcon.colcon_core.environment:checking '/home/zzz/ros2_car/ros2/install/car_mapping/lib/python3.10/site-packages'
[0.282s] Level 1:colcon.colcon_core.environment:checking '/home/zzz/ros2_car/ros2/install/car_mapping/bin'
[0.283s] INFO:colcon.colcon_core.shell:Creating package script '/home/zzz/ros2_car/ros2/install/car_mapping/share/car_mapping/package.ps1'
[0.283s] INFO:colcon.colcon_core.shell:Creating package descriptor '/home/zzz/ros2_car/ros2/install/car_mapping/share/car_mapping/package.dsv'
[0.283s] INFO:colcon.colcon_core.shell:Creating package script '/home/zzz/ros2_car/ros2/install/car_mapping/share/car_mapping/package.sh'
[0.284s] INFO:colcon.colcon_core.shell:Creating package script '/home/zzz/ros2_car/ros2/install/car_mapping/share/car_mapping/package.bash'
[0.284s] INFO:colcon.colcon_core.shell:Creating package script '/home/zzz/ros2_car/ros2/install/car_mapping/share/car_mapping/package.zsh'
[0.284s] Level 1:colcon.colcon_core.environment:create_file_with_runtime_dependencies(/home/zzz/ros2_car/ros2/install/car_mapping/share/colcon-core/packages/car_mapping)
[0.285s] Level 1:colcon.colcon_core.environment:create_environment_scripts_only(car_mapping)
[0.285s] Level 1:colcon.colcon_core.environment:checking '/home/zzz/ros2_car/ros2/install/car_mapping' for CMake module files
[0.285s] Level 1:colcon.colcon_core.environment:checking '/home/zzz/ros2_car/ros2/install/car_mapping' for CMake config files
[0.285s] Level 1:colcon.colcon_core.shell:create_environment_hook('car_mapping', 'cmake_prefix_path')
[0.285s] INFO:colcon.colcon_core.shell:Creating environment hook '/home/zzz/ros2_car/ros2/install/car_mapping/share/car_mapping/hook/cmake_prefix_path.ps1'
[0.285s] INFO:colcon.colcon_core.shell:Creating environment descriptor '/home/zzz/ros2_car/ros2/install/car_mapping/share/car_mapping/hook/cmake_prefix_path.dsv'
[0.286s] INFO:colcon.colcon_core.shell:Creating environment hook '/home/zzz/ros2_car/ros2/install/car_mapping/share/car_mapping/hook/cmake_prefix_path.sh'
[0.286s] Level 1:colcon.colcon_core.environment:checking '/home/zzz/ros2_car/ros2/install/car_mapping/lib'
[0.286s] Level 1:colcon.colcon_core.environment:checking '/home/zzz/ros2_car/ros2/install/car_mapping/bin'
[0.286s] Level 1:colcon.colcon_core.environment:checking '/home/zzz/ros2_car/ros2/install/car_mapping/lib/pkgconfig/car_mapping.pc'
[0.286s] Level 1:colcon.colcon_core.environment:checking '/home/zzz/ros2_car/ros2/install/car_mapping/lib/python3.10/site-packages'
[0.286s] Level 1:colcon.colcon_core.environment:checking '/home/zzz/ros2_car/ros2/install/car_mapping/bin'
[0.286s] INFO:colcon.colcon_core.shell:Creating package script '/home/zzz/ros2_car/ros2/install/car_mapping/share/car_mapping/package.ps1'
[0.287s] INFO:colcon.colcon_core.shell:Creating package descriptor '/home/zzz/ros2_car/ros2/install/car_mapping/share/car_mapping/package.dsv'
[0.287s] INFO:colcon.colcon_core.shell:Creating package script '/home/zzz/ros2_car/ros2/install/car_mapping/share/car_mapping/package.sh'
[0.287s] INFO:colcon.colcon_core.shell:Creating package script '/home/zzz/ros2_car/ros2/install/car_mapping/share/car_mapping/package.bash'
[0.287s] INFO:colcon.colcon_core.shell:Creating package script '/home/zzz/ros2_car/ros2/install/car_mapping/share/car_mapping/package.zsh'
[0.288s] Level 1:colcon.colcon_core.environment:create_file_with_runtime_dependencies(/home/zzz/ros2_car/ros2/install/car_mapping/share/colcon-core/packages/car_mapping)
[21.386s] DEBUG:colcon.colcon_core.event_handler.log_command:Invoked command in '/home/zzz/ros2_car/ros2/build/car_nav' returned '0': CMAKE_PREFIX_PATH=${CMAKE_PREFIX_PATH}:/opt/ros/humble /usr/bin/cmake --build /home/zzz/ros2_car/ros2/build/car_nav -- -j12 -l12
[21.387s] DEBUG:colcon.colcon_core.event_handler.log_command:Invoking command in '/home/zzz/ros2_car/ros2/build/car_nav': CMAKE_PREFIX_PATH=${CMAKE_PREFIX_PATH}:/opt/ros/humble /usr/bin/cmake --install /home/zzz/ros2_car/ros2/build/car_nav
[21.409s] Level 1:colcon.colcon_core.environment:create_environment_scripts_only(car_nav)
[21.410s] Level 1:colcon.colcon_core.environment:checking '/home/zzz/ros2_car/ros2/install/car_nav' for CMake module files
[21.410s] DEBUG:colcon.colcon_core.event_handler.log_command:Invoked command in '/home/zzz/ros2_car/ros2/build/car_nav' returned '0': CMAKE_PREFIX_PATH=${CMAKE_PREFIX_PATH}:/opt/ros/humble /usr/bin/cmake --install /home/zzz/ros2_car/ros2/build/car_nav
[21.410s] Level 1:colcon.colcon_core.environment:checking '/home/zzz/ros2_car/ros2/install/car_nav' for CMake config files
[21.410s] Level 1:colcon.colcon_core.shell:create_environment_hook('car_nav', 'cmake_prefix_path')
[21.411s] INFO:colcon.colcon_core.shell:Creating environment hook '/home/zzz/ros2_car/ros2/install/car_nav/share/car_nav/hook/cmake_prefix_path.ps1'
[21.411s] INFO:colcon.colcon_core.shell:Creating environment descriptor '/home/zzz/ros2_car/ros2/install/car_nav/share/car_nav/hook/cmake_prefix_path.dsv'
[21.411s] INFO:colcon.colcon_core.shell:Creating environment hook '/home/zzz/ros2_car/ros2/install/car_nav/share/car_nav/hook/cmake_prefix_path.sh'
[21.411s] Level 1:colcon.colcon_core.environment:checking '/home/zzz/ros2_car/ros2/install/car_nav/lib'
[21.411s] Level 1:colcon.colcon_core.shell:create_environment_hook('car_nav', 'ld_library_path_lib')
[21.412s] INFO:colcon.colcon_core.shell:Creating environment hook '/home/zzz/ros2_car/ros2/install/car_nav/share/car_nav/hook/ld_library_path_lib.ps1'
[21.412s] INFO:colcon.colcon_core.shell:Creating environment descriptor '/home/zzz/ros2_car/ros2/install/car_nav/share/car_nav/hook/ld_library_path_lib.dsv'
[21.412s] INFO:colcon.colcon_core.shell:Creating environment hook '/home/zzz/ros2_car/ros2/install/car_nav/share/car_nav/hook/ld_library_path_lib.sh'
[21.412s] Level 1:colcon.colcon_core.environment:checking '/home/zzz/ros2_car/ros2/install/car_nav/bin'
[21.412s] Level 1:colcon.colcon_core.environment:checking '/home/zzz/ros2_car/ros2/install/car_nav/lib/pkgconfig/car_nav.pc'
[21.412s] Level 1:colcon.colcon_core.environment:checking '/home/zzz/ros2_car/ros2/install/car_nav/lib/python3.10/site-packages'
[21.412s] Level 1:colcon.colcon_core.environment:checking '/home/zzz/ros2_car/ros2/install/car_nav/bin'
[21.413s] INFO:colcon.colcon_core.shell:Creating package script '/home/zzz/ros2_car/ros2/install/car_nav/share/car_nav/package.ps1'
[21.413s] INFO:colcon.colcon_core.shell:Creating package descriptor '/home/zzz/ros2_car/ros2/install/car_nav/share/car_nav/package.dsv'
[21.413s] INFO:colcon.colcon_core.shell:Creating package script '/home/zzz/ros2_car/ros2/install/car_nav/share/car_nav/package.sh'
[21.413s] INFO:colcon.colcon_core.shell:Creating package script '/home/zzz/ros2_car/ros2/install/car_nav/share/car_nav/package.bash'
[21.414s] INFO:colcon.colcon_core.shell:Creating package script '/home/zzz/ros2_car/ros2/install/car_nav/share/car_nav/package.zsh'
[21.414s] Level 1:colcon.colcon_core.environment:create_file_with_runtime_dependencies(/home/zzz/ros2_car/ros2/install/car_nav/share/colcon-core/packages/car_nav)
[21.414s] Level 1:colcon.colcon_core.environment:create_environment_scripts_only(car_nav)
[21.414s] Level 1:colcon.colcon_core.environment:checking '/home/zzz/ros2_car/ros2/install/car_nav' for CMake module files
[21.414s] Level 1:colcon.colcon_core.environment:checking '/home/zzz/ros2_car/ros2/install/car_nav' for CMake config files
[21.415s] Level 1:colcon.colcon_core.shell:create_environment_hook('car_nav', 'cmake_prefix_path')
[21.415s] INFO:colcon.colcon_core.shell:Creating environment hook '/home/zzz/ros2_car/ros2/install/car_nav/share/car_nav/hook/cmake_prefix_path.ps1'
[21.415s] INFO:colcon.colcon_core.shell:Creating environment descriptor '/home/zzz/ros2_car/ros2/install/car_nav/share/car_nav/hook/cmake_prefix_path.dsv'
[21.415s] INFO:colcon.colcon_core.shell:Creating environment hook '/home/zzz/ros2_car/ros2/install/car_nav/share/car_nav/hook/cmake_prefix_path.sh'
[21.416s] Level 1:colcon.colcon_core.environment:checking '/home/zzz/ros2_car/ros2/install/car_nav/lib'
[21.416s] Level 1:colcon.colcon_core.shell:create_environment_hook('car_nav', 'ld_library_path_lib')
[21.416s] INFO:colcon.colcon_core.shell:Creating environment hook '/home/zzz/ros2_car/ros2/install/car_nav/share/car_nav/hook/ld_library_path_lib.ps1'
[21.416s] INFO:colcon.colcon_core.shell:Creating environment descriptor '/home/zzz/ros2_car/ros2/install/car_nav/share/car_nav/hook/ld_library_path_lib.dsv'
[21.416s] INFO:colcon.colcon_core.shell:Creating environment hook '/home/zzz/ros2_car/ros2/install/car_nav/share/car_nav/hook/ld_library_path_lib.sh'
[21.416s] Level 1:colcon.colcon_core.environment:checking '/home/zzz/ros2_car/ros2/install/car_nav/bin'
[21.416s] Level 1:colcon.colcon_core.environment:checking '/home/zzz/ros2_car/ros2/install/car_nav/lib/pkgconfig/car_nav.pc'
[21.416s] Level 1:colcon.colcon_core.environment:checking '/home/zzz/ros2_car/ros2/install/car_nav/lib/python3.10/site-packages'
[21.417s] Level 1:colcon.colcon_core.environment:checking '/home/zzz/ros2_car/ros2/install/car_nav/bin'
[21.417s] INFO:colcon.colcon_core.shell:Creating package script '/home/zzz/ros2_car/ros2/install/car_nav/share/car_nav/package.ps1'
[21.417s] INFO:colcon.colcon_core.shell:Creating package descriptor '/home/zzz/ros2_car/ros2/install/car_nav/share/car_nav/package.dsv'
[21.417s] INFO:colcon.colcon_core.shell:Creating package script '/home/zzz/ros2_car/ros2/install/car_nav/share/car_nav/package.sh'
[21.417s] INFO:colcon.colcon_core.shell:Creating package script '/home/zzz/ros2_car/ros2/install/car_nav/share/car_nav/package.bash'
[21.418s] INFO:colcon.colcon_core.shell:Creating package script '/home/zzz/ros2_car/ros2/install/car_nav/share/car_nav/package.zsh'
[21.418s] Level 1:colcon.colcon_core.environment:create_file_with_runtime_dependencies(/home/zzz/ros2_car/ros2/install/car_nav/share/colcon-core/packages/car_nav)
[21.418s] DEBUG:colcon.colcon_parallel_executor.executor.parallel:closing loop
[21.418s] DEBUG:colcon.colcon_parallel_executor.executor.parallel:loop closed
[21.418s] DEBUG:colcon.colcon_parallel_executor.executor.parallel:run_until_complete finished with '0'
[21.418s] DEBUG:colcon.colcon_core.event_reactor:joining thread
[21.423s] INFO:colcon.colcon_core.plugin_system:Skipping extension 'colcon_notification.desktop_notification.terminal_notifier': Not used on non-Darwin systems
[21.423s] INFO:colcon.colcon_core.plugin_system:Skipping extension 'colcon_notification.desktop_notification.win32': Not used on non-Windows systems
[21.423s] INFO:colcon.colcon_notification.desktop_notification:Sending desktop notification using 'notify2'
[21.429s] DEBUG:colcon.colcon_core.event_reactor:joined thread
[21.430s] INFO:colcon.colcon_core.shell:Creating prefix script '/home/zzz/ros2_car/ros2/install/local_setup.ps1'
[21.431s] INFO:colcon.colcon_core.shell:Creating prefix util module '/home/zzz/ros2_car/ros2/install/_local_setup_util_ps1.py'
[21.432s] INFO:colcon.colcon_core.shell:Creating prefix chain script '/home/zzz/ros2_car/ros2/install/setup.ps1'
[21.433s] INFO:colcon.colcon_core.shell:Creating prefix script '/home/zzz/ros2_car/ros2/install/local_setup.sh'
[21.433s] INFO:colcon.colcon_core.shell:Creating prefix util module '/home/zzz/ros2_car/ros2/install/_local_setup_util_sh.py'
[21.433s] INFO:colcon.colcon_core.shell:Creating prefix chain script '/home/zzz/ros2_car/ros2/install/setup.sh'
[21.434s] INFO:colcon.colcon_core.shell:Creating prefix script '/home/zzz/ros2_car/ros2/install/local_setup.bash'
[21.434s] INFO:colcon.colcon_core.shell:Creating prefix chain script '/home/zzz/ros2_car/ros2/install/setup.bash'
[21.435s] INFO:colcon.colcon_core.shell:Creating prefix script '/home/zzz/ros2_car/ros2/install/local_setup.zsh'
[21.435s] INFO:colcon.colcon_core.shell:Creating prefix chain script '/home/zzz/ros2_car/ros2/install/setup.zsh'
