[0.007s] Invoking command in '/home/zzz/ros2_car/ros2/build/car_nav': CMAKE_PREFIX_PATH=/opt/ros/humble /usr/bin/cmake /home/zzz/ros2_car/ros2/src/car_nav -DCMAKE_INSTALL_PREFIX=/home/zzz/ros2_car/ros2/install/car_nav
[0.048s] -- The C compiler identification is GNU 11.4.0
[0.089s] -- The CXX compiler identification is GNU 11.4.0
[0.095s] -- Detecting C compiler ABI info
[0.152s] -- Detecting C compiler ABI info - done
[0.156s] -- Check for working C compiler: /usr/bin/cc - skipped
[0.157s] -- Detecting C compile features
[0.157s] -- Detecting C compile features - done
[0.159s] -- Detecting CXX compiler ABI info
[0.223s] -- Detecting CXX compiler ABI info - done
[0.227s] -- Check for working CXX compiler: /usr/bin/c++ - skipped
[0.227s] -- Detecting CXX compile features
[0.228s] -- Detecting CXX compile features - done
[0.229s] -- Found ament_cmake: 1.3.12 (/opt/ros/humble/share/ament_cmake/cmake)
[0.330s] -- Found Python3: /usr/bin/python3 (found version "3.10.12") found components: Interpreter 
[0.392s] -- Found rclcpp: 16.0.14 (/opt/ros/humble/share/rclcpp/cmake)
[0.421s] -- Found rosidl_generator_c: 3.1.7 (/opt/ros/humble/share/rosidl_generator_c/cmake)
[0.424s] -- Found rosidl_adapter: 3.1.7 (/opt/ros/humble/share/rosidl_adapter/cmake)
[0.430s] -- Found rosidl_generator_cpp: 3.1.7 (/opt/ros/humble/share/rosidl_generator_cpp/cmake)
[0.437s] -- Using all available rosidl_typesupport_c: rosidl_typesupport_fastrtps_c;rosidl_typesupport_introspection_c
[0.448s] -- Using all available rosidl_typesupport_cpp: rosidl_typesupport_fastrtps_cpp;rosidl_typesupport_introspection_cpp
[0.476s] -- Found rmw_implementation_cmake: 6.1.2 (/opt/ros/humble/share/rmw_implementation_cmake/cmake)
[0.478s] -- Found rmw_fastrtps_cpp: 6.2.8 (/opt/ros/humble/share/rmw_fastrtps_cpp/cmake)
[0.546s] -- Found OpenSSL: /usr/lib/x86_64-linux-gnu/libcrypto.so (found version "3.0.2")  
[0.567s] -- Found FastRTPS: /opt/ros/humble/include  
[0.599s] -- Using RMW implementation 'rmw_fastrtps_cpp' as default
[0.605s] -- Looking for pthread.h
[0.663s] -- Looking for pthread.h - found
[0.663s] -- Performing Test CMAKE_HAVE_LIBC_PTHREAD
[0.724s] -- Performing Test CMAKE_HAVE_LIBC_PTHREAD - Success
[0.725s] -- Found Threads: TRUE  
[0.757s] -- Found rclcpp_lifecycle: 16.0.14 (/opt/ros/humble/share/rclcpp_lifecycle/cmake)
[0.769s] -- Found nav2_core: 1.1.18 (/opt/ros/humble/share/nav2_core/cmake)
[0.918s] -- Found Eigen3: TRUE (found version "3.4.0") 
[0.918s] -- Ensuring Eigen3 include directory is part of orocos-kdl CMake target
[1.016s] -- Found Torch: /home/zzz/libtorch/lib/libtorch.so  
[1.087s] -- Found ament_lint_auto: 0.12.14 (/opt/ros/humble/share/ament_lint_auto/cmake)
[1.137s] -- Configuring done
[1.184s] -- Generating done
[1.188s] -- Build files have been written to: /home/zzz/ros2_car/ros2/build/car_nav
[1.199s] Invoked command in '/home/zzz/ros2_car/ros2/build/car_nav' returned '0': CMAKE_PREFIX_PATH=/opt/ros/humble /usr/bin/cmake /home/zzz/ros2_car/ros2/src/car_nav -DCMAKE_INSTALL_PREFIX=/home/zzz/ros2_car/ros2/install/car_nav
[1.201s] Invoking command in '/home/zzz/ros2_car/ros2/build/car_nav': CMAKE_PREFIX_PATH=/opt/ros/humble /usr/bin/cmake --build /home/zzz/ros2_car/ros2/build/car_nav -- -j12 -l12
[1.245s] [ 50%] [32mBuilding CXX object CMakeFiles/zzzplan.dir/planner_config/plan.cpp.o[0m
[11.179s] [01m[K/home/zzz/ros2_car/ros2/src/car_nav/planner_config/plan.cpp:[m[K In member function ‘[01m[Kvirtual geometry_msgs::msg::TwistStamped zzzplan::EndToEndController::computeVelocityCommands(const PoseStamped&, const Twist&, nav2_core::GoalChecker*)[m[K’:
[11.179s] [01m[K/home/zzz/ros2_car/ros2/src/car_nav/planner_config/plan.cpp:79:37:[m[K [01;35m[Kwarning: [m[Kunused parameter ‘[01m[Kvelocity[m[K’ [[01;35m[K]8;;https://gcc.gnu.org/onlinedocs/gcc/Warning-Options.html#index-Wunused-parameter-Wunused-parameter]8;;[m[K]
[11.179s]    79 |   [01;35m[Kconst geometry_msgs::msg::Twist & velocity[m[K,
[11.179s]       |   [01;35m[K~~~~~~~~~~~~~~~~~~~~~~~~~~~~~~~~~~^~~~~~~~[m[K
[11.179s] [01m[K/home/zzz/ros2_car/ros2/src/car_nav/planner_config/plan.cpp:80:28:[m[K [01;35m[Kwarning: [m[Kunused parameter ‘[01m[Kgoal_checker[m[K’ [[01;35m[K]8;;https://gcc.gnu.org/onlinedocs/gcc/Warning-Options.html#index-Wunused-parameter-Wunused-parameter]8;;[m[K]
[11.179s]    80 |   [01;35m[Knav2_core::GoalChecker * goal_checker[m[K)
[11.179s]       |   [01;35m[K~~~~~~~~~~~~~~~~~~~~~~~~~^~~~~~~~~~~~[m[K
[21.322s] [100%] [32m[1mLinking CXX shared library libzzzplan.so[0m
[22.233s] [100%] Built target zzzplan
[22.243s] Invoked command in '/home/zzz/ros2_car/ros2/build/car_nav' returned '0': CMAKE_PREFIX_PATH=/opt/ros/humble /usr/bin/cmake --build /home/zzz/ros2_car/ros2/build/car_nav -- -j12 -l12
[22.251s] Invoking command in '/home/zzz/ros2_car/ros2/build/car_nav': CMAKE_PREFIX_PATH=/opt/ros/humble /usr/bin/cmake --install /home/zzz/ros2_car/ros2/build/car_nav
[22.258s] -- Install configuration: ""
[22.258s] -- Installing: /home/zzz/ros2_car/ros2/install/car_nav/share/car_nav/planner_config/plan.xml
[22.258s] -- Installing: /home/zzz/ros2_car/ros2/install/car_nav/lib/libzzzplan.so
[22.269s] -- Installing: /home/zzz/ros2_car/ros2/install/car_nav/include/car_nav/planner_config/plan.hpp
[22.269s] -- Up-to-date: /home/zzz/ros2_car/ros2/install/car_nav/share/car_nav/planner_config/plan.xml
[22.269s] -- Installing: /home/zzz/ros2_car/ros2/install/car_nav/share/car_nav/launch
[22.269s] -- Installing: /home/zzz/ros2_car/ros2/install/car_nav/share/car_nav/launch/mapping.launch.py
[22.269s] -- Installing: /home/zzz/ros2_car/ros2/install/car_nav/share/car_nav/rviz
[22.269s] -- Installing: /home/zzz/ros2_car/ros2/install/car_nav/share/car_nav/rviz/mapping.rviz
[22.269s] -- Installing: /home/zzz/ros2_car/ros2/install/car_nav/share/car_nav/urdf
[22.269s] -- Installing: /home/zzz/ros2_car/ros2/install/car_nav/share/car_nav/urdf/car.urdf
[22.269s] -- Installing: /home/zzz/ros2_car/ros2/install/car_nav/share/car_nav/config
[22.269s] -- Installing: /home/zzz/ros2_car/ros2/install/car_nav/share/car_nav/config/nav2_params.yaml
[22.270s] -- Installing: /home/zzz/ros2_car/ros2/install/car_nav/share/car_nav/config/carto_mapping.lua
[22.270s] -- Installing: /home/zzz/ros2_car/ros2/install/car_nav/share/car_nav/config/study_params.yaml
[22.270s] -- Installing: /home/zzz/ros2_car/ros2/install/car_nav/share/car_nav/config/carto_localization.lua
[22.270s] -- Installing: /home/zzz/ros2_car/ros2/install/car_nav/share/car_nav/config/study_bt_navigator.xml
[22.270s] -- Installing: /home/zzz/ros2_car/ros2/install/car_nav/share/car_nav/meshes
[22.270s] -- Installing: /home/zzz/ros2_car/ros2/install/car_nav/share/car_nav/meshes/imu_Link.STL
[22.280s] -- Installing: /home/zzz/ros2_car/ros2/install/car_nav/share/car_nav/meshes/jq1_Link.STL
[22.281s] -- Installing: /home/zzz/ros2_car/ros2/install/car_nav/share/car_nav/meshes/yq_Link.STL
[22.281s] -- Installing: /home/zzz/ros2_car/ros2/install/car_nav/share/car_nav/meshes/zq_Link.STL
[22.281s] -- Installing: /home/zzz/ros2_car/ros2/install/car_nav/share/car_nav/meshes/jq2_Link.STL
[22.282s] -- Installing: /home/zzz/ros2_car/ros2/install/car_nav/share/car_nav/meshes/laser_Link.STL
[22.283s] -- Installing: /home/zzz/ros2_car/ros2/install/car_nav/share/car_nav/meshes/zh_Link.STL
[22.283s] -- Installing: /home/zzz/ros2_car/ros2/install/car_nav/share/car_nav/meshes/base_link.STL
[22.285s] -- Installing: /home/zzz/ros2_car/ros2/install/car_nav/share/car_nav/meshes/yh_Link.STL
[22.285s] -- Installing: /home/zzz/ros2_car/ros2/install/car_nav/share/car_nav/meshes/laser_Link3x.STL
[22.286s] -- Installing: /home/zzz/ros2_car/ros2/install/car_nav/share/car_nav/maps-1
[22.287s] -- Installing: /home/zzz/ros2_car/ros2/install/car_nav/share/car_nav/maps-1/my_map.pgm
[22.287s] -- Installing: /home/zzz/ros2_car/ros2/install/car_nav/share/car_nav/maps-1/my_map.yaml
[22.287s] -- Installing: /home/zzz/ros2_car/ros2/install/car_nav/share/car_nav/maps
[22.287s] -- Installing: /home/zzz/ros2_car/ros2/install/car_nav/share/car_nav/maps/room.yaml
[22.287s] -- Installing: /home/zzz/ros2_car/ros2/install/car_nav/share/car_nav/maps/room.pgm
[22.287s] -- Installing: /home/zzz/ros2_car/ros2/install/car_nav/lib/car_nav/odom_bridge.py
[22.287s] -- Installing: /home/zzz/ros2_car/ros2/install/car_nav/lib/car_nav/steering_from_odom.py
[22.287s] -- Installing: /home/zzz/ros2_car/ros2/install/car_nav/lib/car_nav/wheels_from_odom.py
[22.287s] -- Installing: /home/zzz/ros2_car/ros2/install/car_nav/share/ament_index/resource_index/package_run_dependencies/car_nav
[22.287s] -- Installing: /home/zzz/ros2_car/ros2/install/car_nav/share/ament_index/resource_index/parent_prefix_path/car_nav
[22.288s] -- Installing: /home/zzz/ros2_car/ros2/install/car_nav/share/car_nav/environment/ament_prefix_path.sh
[22.288s] -- Installing: /home/zzz/ros2_car/ros2/install/car_nav/share/car_nav/environment/ament_prefix_path.dsv
[22.288s] -- Installing: /home/zzz/ros2_car/ros2/install/car_nav/share/car_nav/environment/path.sh
[22.288s] -- Installing: /home/zzz/ros2_car/ros2/install/car_nav/share/car_nav/environment/path.dsv
[22.288s] -- Installing: /home/zzz/ros2_car/ros2/install/car_nav/share/car_nav/local_setup.bash
[22.288s] -- Installing: /home/zzz/ros2_car/ros2/install/car_nav/share/car_nav/local_setup.sh
[22.288s] -- Installing: /home/zzz/ros2_car/ros2/install/car_nav/share/car_nav/local_setup.zsh
[22.288s] -- Installing: /home/zzz/ros2_car/ros2/install/car_nav/share/car_nav/local_setup.dsv
[22.288s] -- Installing: /home/zzz/ros2_car/ros2/install/car_nav/share/car_nav/package.dsv
[22.289s] -- Installing: /home/zzz/ros2_car/ros2/install/car_nav/share/ament_index/resource_index/packages/car_nav
[22.289s] -- Installing: /home/zzz/ros2_car/ros2/install/car_nav/share/ament_index/resource_index/nav2_core__pluginlib__plugin/car_nav
[22.289s] -- Installing: /home/zzz/ros2_car/ros2/install/car_nav/share/car_nav/cmake/ament_cmake_export_include_directories-extras.cmake
[22.289s] -- Installing: /home/zzz/ros2_car/ros2/install/car_nav/share/car_nav/cmake/ament_cmake_export_dependencies-extras.cmake
[22.289s] -- Installing: /home/zzz/ros2_car/ros2/install/car_nav/share/car_nav/cmake/car_navConfig.cmake
[22.289s] -- Installing: /home/zzz/ros2_car/ros2/install/car_nav/share/car_nav/cmake/car_navConfig-version.cmake
[22.289s] -- Installing: /home/zzz/ros2_car/ros2/install/car_nav/share/car_nav/package.xml
[22.291s] Invoked command in '/home/zzz/ros2_car/ros2/build/car_nav' returned '0': CMAKE_PREFIX_PATH=/opt/ros/humble /usr/bin/cmake --install /home/zzz/ros2_car/ros2/build/car_nav
