-- Install configuration: ""
-- Up-to-date: /home/zzz/ros2_car/ros2/install/car_mapping/share/car_mapping//launch
-- Up-to-date: /home/zzz/ros2_car/ros2/install/car_mapping/share/car_mapping//launch/mapping.launch.py
-- Up-to-date: /home/zzz/ros2_car/ros2/install/car_mapping/share/car_mapping//rviz
-- Up-to-date: /home/zzz/ros2_car/ros2/install/car_mapping/share/car_mapping//rviz/mapping.rviz
-- Up-to-date: /home/zzz/ros2_car/ros2/install/car_mapping/share/car_mapping//urdf
-- Up-to-date: /home/zzz/ros2_car/ros2/install/car_mapping/share/car_mapping//urdf/car_robot.urdf
-- Up-to-date: /home/zzz/ros2_car/ros2/install/car_mapping/share/car_mapping//config
-- Up-to-date: /home/zzz/ros2_car/ros2/install/car_mapping/share/car_mapping//config/nav2_params.yaml
-- Up-to-date: /home/zzz/ros2_car/ros2/install/car_mapping/lib/car_mapping/odom_bridge.py
-- Up-to-date: /home/zzz/ros2_car/ros2/install/car_mapping/share/ament_index/resource_index/package_run_dependencies/car_mapping
-- Up-to-date: /home/zzz/ros2_car/ros2/install/car_mapping/share/ament_index/resource_index/parent_prefix_path/car_mapping
-- Up-to-date: /home/zzz/ros2_car/ros2/install/car_mapping/share/car_mapping/environment/ament_prefix_path.sh
-- Up-to-date: /home/zzz/ros2_car/ros2/install/car_mapping/share/car_mapping/environment/ament_prefix_path.dsv
-- Up-to-date: /home/zzz/ros2_car/ros2/install/car_mapping/share/car_mapping/environment/path.sh
-- Up-to-date: /home/zzz/ros2_car/ros2/install/car_mapping/share/car_mapping/environment/path.dsv
-- Up-to-date: /home/zzz/ros2_car/ros2/install/car_mapping/share/car_mapping/local_setup.bash
-- Up-to-date: /home/zzz/ros2_car/ros2/install/car_mapping/share/car_mapping/local_setup.sh
-- Up-to-date: /home/zzz/ros2_car/ros2/install/car_mapping/share/car_mapping/local_setup.zsh
-- Up-to-date: /home/zzz/ros2_car/ros2/install/car_mapping/share/car_mapping/local_setup.dsv
-- Installing: /home/zzz/ros2_car/ros2/install/car_mapping/share/car_mapping/package.dsv
-- Up-to-date: /home/zzz/ros2_car/ros2/install/car_mapping/share/ament_index/resource_index/packages/car_mapping
-- Up-to-date: /home/zzz/ros2_car/ros2/install/car_mapping/share/car_mapping/cmake/car_mappingConfig.cmake
-- Up-to-date: /home/zzz/ros2_car/ros2/install/car_mapping/share/car_mapping/cmake/car_mappingConfig-version.cmake
-- Up-to-date: /home/zzz/ros2_car/ros2/install/car_mapping/share/car_mapping/package.xml
