[ 50%] [32mBuilding CXX object CMakeFiles/zzzplan.dir/planner_config/plan.cpp.o[0m
[100%] [32m[1mLinking CXX shared library libzzzplan.so[0m
[100%] Built target zzzplan
-- Install configuration: ""
-- Up-to-date: /home/zzz/ros2_car/ros2/install/car_nav/share/car_nav/planner_config/plan.xml
-- Installing: /home/zzz/ros2_car/ros2/install/car_nav/lib/libzzzplan.so
-- Installing: /home/zzz/ros2_car/ros2/install/car_nav/include/car_nav/planner_config/plan.hpp
-- Up-to-date: /home/zzz/ros2_car/ros2/install/car_nav/share/car_nav/planner_config/plan.xml
-- Up-to-date: /home/zzz/ros2_car/ros2/install/car_nav/share/car_nav/launch
-- Up-to-date: /home/zzz/ros2_car/ros2/install/car_nav/share/car_nav/launch/mapping.launch.py
-- Up-to-date: /home/zzz/ros2_car/ros2/install/car_nav/share/car_nav/rviz
-- Up-to-date: /home/zzz/ros2_car/ros2/install/car_nav/share/car_nav/rviz/mapping.rviz
-- Up-to-date: /home/zzz/ros2_car/ros2/install/car_nav/share/car_nav/urdf
-- Up-to-date: /home/zzz/ros2_car/ros2/install/car_nav/share/car_nav/urdf/car.urdf
-- Up-to-date: /home/zzz/ros2_car/ros2/install/car_nav/share/car_nav/config
-- Up-to-date: /home/zzz/ros2_car/ros2/install/car_nav/share/car_nav/config/nav2_params.yaml
-- Up-to-date: /home/zzz/ros2_car/ros2/install/car_nav/share/car_nav/config/carto_mapping.lua
-- Up-to-date: /home/zzz/ros2_car/ros2/install/car_nav/share/car_nav/config/study_params.yaml
-- Up-to-date: /home/zzz/ros2_car/ros2/install/car_nav/share/car_nav/config/carto_localization.lua
-- Up-to-date: /home/zzz/ros2_car/ros2/install/car_nav/share/car_nav/config/study_bt_navigator.xml
-- Up-to-date: /home/zzz/ros2_car/ros2/install/car_nav/share/car_nav/meshes
-- Up-to-date: /home/zzz/ros2_car/ros2/install/car_nav/share/car_nav/meshes/imu_Link.STL
-- Up-to-date: /home/zzz/ros2_car/ros2/install/car_nav/share/car_nav/meshes/jq1_Link.STL
-- Up-to-date: /home/zzz/ros2_car/ros2/install/car_nav/share/car_nav/meshes/yq_Link.STL
-- Up-to-date: /home/zzz/ros2_car/ros2/install/car_nav/share/car_nav/meshes/zq_Link.STL
-- Up-to-date: /home/zzz/ros2_car/ros2/install/car_nav/share/car_nav/meshes/jq2_Link.STL
-- Up-to-date: /home/zzz/ros2_car/ros2/install/car_nav/share/car_nav/meshes/laser_Link.STL
-- Up-to-date: /home/zzz/ros2_car/ros2/install/car_nav/share/car_nav/meshes/zh_Link.STL
-- Up-to-date: /home/zzz/ros2_car/ros2/install/car_nav/share/car_nav/meshes/base_link.STL
-- Up-to-date: /home/zzz/ros2_car/ros2/install/car_nav/share/car_nav/meshes/yh_Link.STL
-- Up-to-date: /home/zzz/ros2_car/ros2/install/car_nav/share/car_nav/meshes/laser_Link3x.STL
-- Up-to-date: /home/zzz/ros2_car/ros2/install/car_nav/share/car_nav/maps-1
-- Up-to-date: /home/zzz/ros2_car/ros2/install/car_nav/share/car_nav/maps-1/my_map.pgm
-- Up-to-date: /home/zzz/ros2_car/ros2/install/car_nav/share/car_nav/maps-1/my_map.yaml
-- Up-to-date: /home/zzz/ros2_car/ros2/install/car_nav/share/car_nav/maps
-- Up-to-date: /home/zzz/ros2_car/ros2/install/car_nav/share/car_nav/maps/room.yaml
-- Up-to-date: /home/zzz/ros2_car/ros2/install/car_nav/share/car_nav/maps/room.pgm
-- Up-to-date: /home/zzz/ros2_car/ros2/install/car_nav/lib/car_nav/odom_bridge.py
-- Up-to-date: /home/zzz/ros2_car/ros2/install/car_nav/lib/car_nav/steering_from_odom.py
-- Up-to-date: /home/zzz/ros2_car/ros2/install/car_nav/lib/car_nav/wheels_from_odom.py
-- Up-to-date: /home/zzz/ros2_car/ros2/install/car_nav/share/ament_index/resource_index/package_run_dependencies/car_nav
-- Up-to-date: /home/zzz/ros2_car/ros2/install/car_nav/share/ament_index/resource_index/parent_prefix_path/car_nav
-- Up-to-date: /home/zzz/ros2_car/ros2/install/car_nav/share/car_nav/environment/ament_prefix_path.sh
-- Up-to-date: /home/zzz/ros2_car/ros2/install/car_nav/share/car_nav/environment/ament_prefix_path.dsv
-- Up-to-date: /home/zzz/ros2_car/ros2/install/car_nav/share/car_nav/environment/path.sh
-- Up-to-date: /home/zzz/ros2_car/ros2/install/car_nav/share/car_nav/environment/path.dsv
-- Up-to-date: /home/zzz/ros2_car/ros2/install/car_nav/share/car_nav/local_setup.bash
-- Up-to-date: /home/zzz/ros2_car/ros2/install/car_nav/share/car_nav/local_setup.sh
-- Up-to-date: /home/zzz/ros2_car/ros2/install/car_nav/share/car_nav/local_setup.zsh
-- Up-to-date: /home/zzz/ros2_car/ros2/install/car_nav/share/car_nav/local_setup.dsv
-- Installing: /home/zzz/ros2_car/ros2/install/car_nav/share/car_nav/package.dsv
-- Up-to-date: /home/zzz/ros2_car/ros2/install/car_nav/share/ament_index/resource_index/packages/car_nav
-- Up-to-date: /home/zzz/ros2_car/ros2/install/car_nav/share/ament_index/resource_index/nav2_core__pluginlib__plugin/car_nav
-- Up-to-date: /home/zzz/ros2_car/ros2/install/car_nav/share/car_nav/cmake/ament_cmake_export_include_directories-extras.cmake
-- Up-to-date: /home/zzz/ros2_car/ros2/install/car_nav/share/car_nav/cmake/ament_cmake_export_dependencies-extras.cmake
-- Up-to-date: /home/zzz/ros2_car/ros2/install/car_nav/share/car_nav/cmake/car_navConfig.cmake
-- Up-to-date: /home/zzz/ros2_car/ros2/install/car_nav/share/car_nav/cmake/car_navConfig-version.cmake
-- Up-to-date: /home/zzz/ros2_car/ros2/install/car_nav/share/car_nav/package.xml
