[0.007s] Invoking command in '/home/zzz/ros2_car/ros2/build/car_nav': CMAKE_PREFIX_PATH=${CMAKE_PREFIX_PATH}:/opt/ros/humble /usr/bin/cmake --build /home/zzz/ros2_car/ros2/build/car_nav -- -j12 -l12
[0.084s] [ 50%] [32mBuilding CXX object CMakeFiles/zzzplan.dir/planner_config/plan.cpp.o[0m
[21.514s] [100%] [32m[1mLinking CXX shared library libzzzplan.so[0m
[22.440s] [100%] Built target zzzplan
[22.449s] Invoked command in '/home/zzz/ros2_car/ros2/build/car_nav' returned '0': CMAKE_PREFIX_PATH=${CMAKE_PREFIX_PATH}:/opt/ros/humble /usr/bin/cmake --build /home/zzz/ros2_car/ros2/build/car_nav -- -j12 -l12
[22.450s] Invoking command in '/home/zzz/ros2_car/ros2/build/car_nav': CMAKE_PREFIX_PATH=${CMAKE_PREFIX_PATH}:/opt/ros/humble /usr/bin/cmake --install /home/zzz/ros2_car/ros2/build/car_nav
[22.456s] -- Install configuration: ""
[22.456s] -- Up-to-date: /home/zzz/ros2_car/ros2/install/car_nav/share/car_nav/planner_config/plan.xml
[22.456s] -- Installing: /home/zzz/ros2_car/ros2/install/car_nav/lib/libzzzplan.so
[22.468s] -- Up-to-date: /home/zzz/ros2_car/ros2/install/car_nav/include/car_nav/planner_config/plan.hpp
[22.468s] -- Up-to-date: /home/zzz/ros2_car/ros2/install/car_nav/share/car_nav/planner_config/plan.xml
[22.468s] -- Up-to-date: /home/zzz/ros2_car/ros2/install/car_nav/share/car_nav/launch
[22.468s] -- Up-to-date: /home/zzz/ros2_car/ros2/install/car_nav/share/car_nav/launch/mapping.launch.py
[22.468s] -- Up-to-date: /home/zzz/ros2_car/ros2/install/car_nav/share/car_nav/rviz
[22.469s] -- Up-to-date: /home/zzz/ros2_car/ros2/install/car_nav/share/car_nav/rviz/mapping.rviz
[22.469s] -- Up-to-date: /home/zzz/ros2_car/ros2/install/car_nav/share/car_nav/urdf
[22.469s] -- Up-to-date: /home/zzz/ros2_car/ros2/install/car_nav/share/car_nav/urdf/car.urdf
[22.469s] -- Up-to-date: /home/zzz/ros2_car/ros2/install/car_nav/share/car_nav/config
[22.469s] -- Up-to-date: /home/zzz/ros2_car/ros2/install/car_nav/share/car_nav/config/nav2_params.yaml
[22.469s] -- Up-to-date: /home/zzz/ros2_car/ros2/install/car_nav/share/car_nav/config/carto_mapping.lua
[22.469s] -- Up-to-date: /home/zzz/ros2_car/ros2/install/car_nav/share/car_nav/config/study_params.yaml
[22.469s] -- Up-to-date: /home/zzz/ros2_car/ros2/install/car_nav/share/car_nav/config/carto_localization.lua
[22.469s] -- Up-to-date: /home/zzz/ros2_car/ros2/install/car_nav/share/car_nav/config/study_bt_navigator.xml
[22.469s] -- Up-to-date: /home/zzz/ros2_car/ros2/install/car_nav/share/car_nav/meshes
[22.469s] -- Up-to-date: /home/zzz/ros2_car/ros2/install/car_nav/share/car_nav/meshes/imu_Link.STL
[22.469s] -- Up-to-date: /home/zzz/ros2_car/ros2/install/car_nav/share/car_nav/meshes/jq1_Link.STL
[22.469s] -- Up-to-date: /home/zzz/ros2_car/ros2/install/car_nav/share/car_nav/meshes/yq_Link.STL
[22.469s] -- Up-to-date: /home/zzz/ros2_car/ros2/install/car_nav/share/car_nav/meshes/zq_Link.STL
[22.469s] -- Up-to-date: /home/zzz/ros2_car/ros2/install/car_nav/share/car_nav/meshes/jq2_Link.STL
[22.469s] -- Up-to-date: /home/zzz/ros2_car/ros2/install/car_nav/share/car_nav/meshes/laser_Link.STL
[22.469s] -- Up-to-date: /home/zzz/ros2_car/ros2/install/car_nav/share/car_nav/meshes/zh_Link.STL
[22.469s] -- Up-to-date: /home/zzz/ros2_car/ros2/install/car_nav/share/car_nav/meshes/base_link.STL
[22.469s] -- Up-to-date: /home/zzz/ros2_car/ros2/install/car_nav/share/car_nav/meshes/yh_Link.STL
[22.470s] -- Up-to-date: /home/zzz/ros2_car/ros2/install/car_nav/share/car_nav/meshes/laser_Link3x.STL
[22.470s] -- Up-to-date: /home/zzz/ros2_car/ros2/install/car_nav/share/car_nav/maps-1
[22.470s] -- Up-to-date: /home/zzz/ros2_car/ros2/install/car_nav/share/car_nav/maps-1/my_map.pgm
[22.470s] -- Up-to-date: /home/zzz/ros2_car/ros2/install/car_nav/share/car_nav/maps-1/my_map.yaml
[22.470s] -- Up-to-date: /home/zzz/ros2_car/ros2/install/car_nav/share/car_nav/maps
[22.470s] -- Up-to-date: /home/zzz/ros2_car/ros2/install/car_nav/share/car_nav/maps/room.yaml
[22.470s] -- Up-to-date: /home/zzz/ros2_car/ros2/install/car_nav/share/car_nav/maps/room.pgm
[22.470s] -- Up-to-date: /home/zzz/ros2_car/ros2/install/car_nav/lib/car_nav/odom_bridge.py
[22.470s] -- Up-to-date: /home/zzz/ros2_car/ros2/install/car_nav/lib/car_nav/steering_from_odom.py
[22.470s] -- Up-to-date: /home/zzz/ros2_car/ros2/install/car_nav/lib/car_nav/wheels_from_odom.py
[22.470s] -- Up-to-date: /home/zzz/ros2_car/ros2/install/car_nav/share/ament_index/resource_index/package_run_dependencies/car_nav
[22.470s] -- Up-to-date: /home/zzz/ros2_car/ros2/install/car_nav/share/ament_index/resource_index/parent_prefix_path/car_nav
[22.470s] -- Up-to-date: /home/zzz/ros2_car/ros2/install/car_nav/share/car_nav/environment/ament_prefix_path.sh
[22.470s] -- Up-to-date: /home/zzz/ros2_car/ros2/install/car_nav/share/car_nav/environment/ament_prefix_path.dsv
[22.470s] -- Up-to-date: /home/zzz/ros2_car/ros2/install/car_nav/share/car_nav/environment/path.sh
[22.470s] -- Up-to-date: /home/zzz/ros2_car/ros2/install/car_nav/share/car_nav/environment/path.dsv
[22.470s] -- Up-to-date: /home/zzz/ros2_car/ros2/install/car_nav/share/car_nav/local_setup.bash
[22.470s] -- Up-to-date: /home/zzz/ros2_car/ros2/install/car_nav/share/car_nav/local_setup.sh
[22.470s] -- Up-to-date: /home/zzz/ros2_car/ros2/install/car_nav/share/car_nav/local_setup.zsh
[22.470s] -- Up-to-date: /home/zzz/ros2_car/ros2/install/car_nav/share/car_nav/local_setup.dsv
[22.470s] -- Installing: /home/zzz/ros2_car/ros2/install/car_nav/share/car_nav/package.dsv
[22.470s] -- Up-to-date: /home/zzz/ros2_car/ros2/install/car_nav/share/ament_index/resource_index/packages/car_nav
[22.470s] -- Up-to-date: /home/zzz/ros2_car/ros2/install/car_nav/share/ament_index/resource_index/nav2_core__pluginlib__plugin/car_nav
[22.470s] -- Up-to-date: /home/zzz/ros2_car/ros2/install/car_nav/share/car_nav/cmake/ament_cmake_export_include_directories-extras.cmake
[22.471s] -- Up-to-date: /home/zzz/ros2_car/ros2/install/car_nav/share/car_nav/cmake/ament_cmake_export_dependencies-extras.cmake
[22.471s] -- Up-to-date: /home/zzz/ros2_car/ros2/install/car_nav/share/car_nav/cmake/car_navConfig.cmake
[22.471s] -- Up-to-date: /home/zzz/ros2_car/ros2/install/car_nav/share/car_nav/cmake/car_navConfig-version.cmake
[22.471s] -- Up-to-date: /home/zzz/ros2_car/ros2/install/car_nav/share/car_nav/package.xml
[22.472s] Invoked command in '/home/zzz/ros2_car/ros2/build/car_nav' returned '0': CMAKE_PREFIX_PATH=${CMAKE_PREFIX_PATH}:/opt/ros/humble /usr/bin/cmake --install /home/zzz/ros2_car/ros2/build/car_nav
