[0.010s] Invoking command in '/home/zzz/ros2_car/ros2/build/car_nav': CMAKE_PREFIX_PATH=${CMAKE_PREFIX_PATH}:/opt/ros/humble /usr/bin/cmake --build /home/zzz/ros2_car/ros2/build/car_nav -- -j12 -l12
[0.057s] [35m[1mConsolidate compiler generated dependencies of target zzzplan[0m
[0.114s] [100%] Built target zzzplan
[0.124s] Invoked command in '/home/zzz/ros2_car/ros2/build/car_nav' returned '0': CMAKE_PREFIX_PATH=${CMAKE_PREFIX_PATH}:/opt/ros/humble /usr/bin/cmake --build /home/zzz/ros2_car/ros2/build/car_nav -- -j12 -l12
[0.125s] Invoking command in '/home/zzz/ros2_car/ros2/build/car_nav': CMAKE_PREFIX_PATH=${CMAKE_PREFIX_PATH}:/opt/ros/humble /usr/bin/cmake --install /home/zzz/ros2_car/ros2/build/car_nav
[0.132s] -- Install configuration: ""
[0.132s] -- Up-to-date: /home/zzz/ros2_car/ros2/install/car_nav/share/car_nav/planner_config/plan.xml
[0.132s] -- Up-to-date: /home/zzz/ros2_car/ros2/install/car_nav/lib/libzzzplan.so
[0.132s] -- Up-to-date: /home/zzz/ros2_car/ros2/install/car_nav/include/car_nav/planner_config/plan.hpp
[0.132s] -- Up-to-date: /home/zzz/ros2_car/ros2/install/car_nav/share/car_nav/planner_config/plan.xml
[0.132s] -- Up-to-date: /home/zzz/ros2_car/ros2/install/car_nav/share/car_nav/launch
[0.132s] -- Up-to-date: /home/zzz/ros2_car/ros2/install/car_nav/share/car_nav/launch/mapping.launch.py
[0.132s] -- Up-to-date: /home/zzz/ros2_car/ros2/install/car_nav/share/car_nav/rviz
[0.132s] -- Up-to-date: /home/zzz/ros2_car/ros2/install/car_nav/share/car_nav/rviz/mapping.rviz
[0.132s] -- Up-to-date: /home/zzz/ros2_car/ros2/install/car_nav/share/car_nav/urdf
[0.132s] -- Up-to-date: /home/zzz/ros2_car/ros2/install/car_nav/share/car_nav/urdf/car.urdf
[0.132s] -- Up-to-date: /home/zzz/ros2_car/ros2/install/car_nav/share/car_nav/config
[0.133s] -- Installing: /home/zzz/ros2_car/ros2/install/car_nav/share/car_nav/config/nav2_params.yaml
[0.133s] -- Up-to-date: /home/zzz/ros2_car/ros2/install/car_nav/share/car_nav/config/carto_mapping.lua
[0.133s] -- Up-to-date: /home/zzz/ros2_car/ros2/install/car_nav/share/car_nav/config/study_params.yaml
[0.133s] -- Up-to-date: /home/zzz/ros2_car/ros2/install/car_nav/share/car_nav/config/carto_localization.lua
[0.133s] -- Up-to-date: /home/zzz/ros2_car/ros2/install/car_nav/share/car_nav/config/study_bt_navigator.xml
[0.133s] -- Up-to-date: /home/zzz/ros2_car/ros2/install/car_nav/share/car_nav/meshes
[0.133s] -- Up-to-date: /home/zzz/ros2_car/ros2/install/car_nav/share/car_nav/meshes/imu_Link.STL
[0.133s] -- Up-to-date: /home/zzz/ros2_car/ros2/install/car_nav/share/car_nav/meshes/jq1_Link.STL
[0.133s] -- Up-to-date: /home/zzz/ros2_car/ros2/install/car_nav/share/car_nav/meshes/yq_Link.STL
[0.133s] -- Up-to-date: /home/zzz/ros2_car/ros2/install/car_nav/share/car_nav/meshes/zq_Link.STL
[0.133s] -- Up-to-date: /home/zzz/ros2_car/ros2/install/car_nav/share/car_nav/meshes/jq2_Link.STL
[0.133s] -- Up-to-date: /home/zzz/ros2_car/ros2/install/car_nav/share/car_nav/meshes/laser_Link.STL
[0.133s] -- Up-to-date: /home/zzz/ros2_car/ros2/install/car_nav/share/car_nav/meshes/zh_Link.STL
[0.133s] -- Up-to-date: /home/zzz/ros2_car/ros2/install/car_nav/share/car_nav/meshes/base_link.STL
[0.133s] -- Up-to-date: /home/zzz/ros2_car/ros2/install/car_nav/share/car_nav/meshes/yh_Link.STL
[0.133s] -- Up-to-date: /home/zzz/ros2_car/ros2/install/car_nav/share/car_nav/meshes/laser_Link3x.STL
[0.133s] -- Up-to-date: /home/zzz/ros2_car/ros2/install/car_nav/share/car_nav/maps-1
[0.133s] -- Up-to-date: /home/zzz/ros2_car/ros2/install/car_nav/share/car_nav/maps-1/my_map.pgm
[0.133s] -- Up-to-date: /home/zzz/ros2_car/ros2/install/car_nav/share/car_nav/maps-1/my_map.yaml
[0.133s] -- Up-to-date: /home/zzz/ros2_car/ros2/install/car_nav/share/car_nav/maps
[0.133s] -- Up-to-date: /home/zzz/ros2_car/ros2/install/car_nav/share/car_nav/maps/room.yaml
[0.133s] -- Up-to-date: /home/zzz/ros2_car/ros2/install/car_nav/share/car_nav/maps/room.pgm
[0.133s] -- Up-to-date: /home/zzz/ros2_car/ros2/install/car_nav/lib/car_nav/odom_bridge.py
[0.133s] -- Up-to-date: /home/zzz/ros2_car/ros2/install/car_nav/lib/car_nav/steering_from_odom.py
[0.133s] -- Up-to-date: /home/zzz/ros2_car/ros2/install/car_nav/lib/car_nav/wheels_from_odom.py
[0.133s] -- Up-to-date: /home/zzz/ros2_car/ros2/install/car_nav/share/ament_index/resource_index/package_run_dependencies/car_nav
[0.134s] -- Up-to-date: /home/zzz/ros2_car/ros2/install/car_nav/share/ament_index/resource_index/parent_prefix_path/car_nav
[0.134s] -- Up-to-date: /home/zzz/ros2_car/ros2/install/car_nav/share/car_nav/environment/ament_prefix_path.sh
[0.134s] -- Up-to-date: /home/zzz/ros2_car/ros2/install/car_nav/share/car_nav/environment/ament_prefix_path.dsv
[0.134s] -- Up-to-date: /home/zzz/ros2_car/ros2/install/car_nav/share/car_nav/environment/path.sh
[0.134s] -- Up-to-date: /home/zzz/ros2_car/ros2/install/car_nav/share/car_nav/environment/path.dsv
[0.134s] -- Up-to-date: /home/zzz/ros2_car/ros2/install/car_nav/share/car_nav/local_setup.bash
[0.134s] -- Up-to-date: /home/zzz/ros2_car/ros2/install/car_nav/share/car_nav/local_setup.sh
[0.134s] -- Up-to-date: /home/zzz/ros2_car/ros2/install/car_nav/share/car_nav/local_setup.zsh
[0.134s] -- Up-to-date: /home/zzz/ros2_car/ros2/install/car_nav/share/car_nav/local_setup.dsv
[0.134s] -- Installing: /home/zzz/ros2_car/ros2/install/car_nav/share/car_nav/package.dsv
[0.134s] -- Up-to-date: /home/zzz/ros2_car/ros2/install/car_nav/share/ament_index/resource_index/packages/car_nav
[0.134s] -- Up-to-date: /home/zzz/ros2_car/ros2/install/car_nav/share/ament_index/resource_index/nav2_core__pluginlib__plugin/car_nav
[0.134s] -- Up-to-date: /home/zzz/ros2_car/ros2/install/car_nav/share/car_nav/cmake/ament_cmake_export_include_directories-extras.cmake
[0.134s] -- Up-to-date: /home/zzz/ros2_car/ros2/install/car_nav/share/car_nav/cmake/ament_cmake_export_dependencies-extras.cmake
[0.134s] -- Up-to-date: /home/zzz/ros2_car/ros2/install/car_nav/share/car_nav/cmake/car_navConfig.cmake
[0.134s] -- Up-to-date: /home/zzz/ros2_car/ros2/install/car_nav/share/car_nav/cmake/car_navConfig-version.cmake
[0.134s] -- Up-to-date: /home/zzz/ros2_car/ros2/install/car_nav/share/car_nav/package.xml
[0.135s] Invoked command in '/home/zzz/ros2_car/ros2/build/car_nav' returned '0': CMAKE_PREFIX_PATH=${CMAKE_PREFIX_PATH}:/opt/ros/humble /usr/bin/cmake --install /home/zzz/ros2_car/ros2/build/car_nav
