[0.008s] Invoking command in '/home/zzz/ros2_car/ros2/build/car_nav': CMAKE_PREFIX_PATH=${CMAKE_PREFIX_PATH}:/opt/ros/humble /usr/bin/cmake --build /home/zzz/ros2_car/ros2/build/car_nav -- -j12 -l12
[0.085s] [ 50%] [32mBuilding CXX object CMakeFiles/zzzplan.dir/planner_config/plan.cpp.o[0m
[9.157s] [01m[K/home/zzz/ros2_car/ros2/src/car_nav/planner_config/plan.cpp:[m[K In member function ‘[01m[Kvirtual geometry_msgs::msg::TwistStamped zzzplan::EndToEndController::computeVelocityCommands(const PoseStamped&, const Twist&, nav2_core::GoalChecker*)[m[K’:
[9.157s] [01m[K/home/zzz/ros2_car/ros2/src/car_nav/planner_config/plan.cpp:104:34:[m[K [01;31m[Kerror: [m[Kno matching function for call to ‘[01m[Knav2_core::GoalChecker::isGoalReached()[m[K’
[9.157s]   104 |   if ([01;31m[Kgoal_checker->isGoalReached()[m[K) {
[9.157s]       |       [01;31m[K~~~~~~~~~~~~~~~~~~~~~~~~~~~^~[m[K
[9.157s] In file included from [01m[K/opt/ros/humble/include/nav2_core/controller.hpp:50[m[K,
[9.157s]                  from [01m[K/home/zzz/ros2_car/ros2/src/car_nav/planner_config/plan.hpp:6[m[K,
[9.157s]                  from [01m[K/home/zzz/ros2_car/ros2/src/car_nav/planner_config/plan.cpp:3[m[K:
[9.158s] [01m[K/opt/ros/humble/include/nav2_core/goal_checker.hpp:86:16:[m[K [01;36m[Knote: [m[Kcandidate: ‘[01m[Kvirtual bool nav2_core::GoalChecker::isGoalReached(const Pose&, const Pose&, const Twist&)[m[K’
[9.158s]    86 |   virtual bool [01;36m[KisGoalReached[m[K(
[9.158s]       |                [01;36m[K^~~~~~~~~~~~~[m[K
[9.158s] [01m[K/opt/ros/humble/include/nav2_core/goal_checker.hpp:86:16:[m[K [01;36m[Knote: [m[K  candidate expects 3 arguments, 0 provided
[9.160s] [01m[K/home/zzz/ros2_car/ros2/src/car_nav/planner_config/plan.cpp:90:37:[m[K [01;35m[Kwarning: [m[Kunused parameter ‘[01m[Kvelocity[m[K’ [[01;35m[K]8;;https://gcc.gnu.org/onlinedocs/gcc/Warning-Options.html#index-Wunused-parameter-Wunused-parameter]8;;[m[K]
[9.161s]    90 |   [01;35m[Kconst geometry_msgs::msg::Twist & velocity[m[K,
[9.161s]       |   [01;35m[K~~~~~~~~~~~~~~~~~~~~~~~~~~~~~~~~~~^~~~~~~~[m[K
[14.977s] gmake[2]: *** [CMakeFiles/zzzplan.dir/build.make:76：CMakeFiles/zzzplan.dir/planner_config/plan.cpp.o] 错误 1
[14.978s] gmake[1]: *** [CMakeFiles/Makefile2:137：CMakeFiles/zzzplan.dir/all] 错误 2
[14.978s] gmake: *** [Makefile:146：all] 错误 2
[14.981s] Invoked command in '/home/zzz/ros2_car/ros2/build/car_nav' returned '2': CMAKE_PREFIX_PATH=${CMAKE_PREFIX_PATH}:/opt/ros/humble /usr/bin/cmake --build /home/zzz/ros2_car/ros2/build/car_nav -- -j12 -l12
