-- Found ament_cmake: 1.3.12 (/opt/ros/humble/share/ament_cmake/cmake)
-- Found Python3: /usr/bin/python3 (found version "3.10.12") found components: Interpreter 
-- Found rclcpp: 16.0.14 (/opt/ros/humble/share/rclcpp/cmake)
-- Found rosidl_generator_c: 3.1.7 (/opt/ros/humble/share/rosidl_generator_c/cmake)
-- Found rosidl_adapter: 3.1.7 (/opt/ros/humble/share/rosidl_adapter/cmake)
-- Found rosidl_generator_cpp: 3.1.7 (/opt/ros/humble/share/rosidl_generator_cpp/cmake)
-- Using all available rosidl_typesupport_c: rosidl_typesupport_fastrtps_c;rosidl_typesupport_introspection_c
-- Using all available rosidl_typesupport_cpp: rosidl_typesupport_fastrtps_cpp;rosidl_typesupport_introspection_cpp
-- Found rmw_implementation_cmake: 6.1.2 (/opt/ros/humble/share/rmw_implementation_cmake/cmake)
-- Found rmw_fastrtps_cpp: 6.2.8 (/opt/ros/humble/share/rmw_fastrtps_cpp/cmake)
-- Found OpenSSL: /usr/lib/x86_64-linux-gnu/libcrypto.so (found version "3.0.2")  
-- Found FastRTPS: /opt/ros/humble/include  
-- Using RMW implementation 'rmw_fastrtps_cpp' as default
-- Looking for pthread.h
-- Looking for pthread.h - found
-- Performing Test CMAKE_HAVE_LIBC_PTHREAD
-- Performing Test CMAKE_HAVE_LIBC_PTHREAD - Success
-- Found Threads: TRUE  
-- Found rclcpp_lifecycle: 16.0.14 (/opt/ros/humble/share/rclcpp_lifecycle/cmake)
-- Found nav2_core: 1.1.18 (/opt/ros/humble/share/nav2_core/cmake)
-- Found Eigen3: TRUE (found version "3.4.0") 
-- Ensuring Eigen3 include directory is part of orocos-kdl CMake target
-- Found Torch: /home/zzz/libtorch/lib/libtorch.so  
-- Found ament_lint_auto: 0.12.14 (/opt/ros/humble/share/ament_lint_auto/cmake)
-- Configuring done
-- Generating done
-- Build files have been written to: /home/zzz/ros2_car/ros2/build/car_nav
[ 50%] [32mBuilding CXX object CMakeFiles/zzzplan.dir/planner_config/plan.cpp.o[0m
[01m[K/home/zzz/ros2_car/ros2/src/car_nav/planner_config/plan.cpp:[m[K In member function ‘[01m[Kvirtual geometry_msgs::msg::TwistStamped zzzplan::EndToEndController::computeVelocityCommands(const PoseStamped&, const Twist&, nav2_core::GoalChecker*)[m[K’:
[01m[K/home/zzz/ros2_car/ros2/src/car_nav/planner_config/plan.cpp:79:37:[m[K [01;35m[Kwarning: [m[Kunused parameter ‘[01m[Kvelocity[m[K’ [[01;35m[K]8;;https://gcc.gnu.org/onlinedocs/gcc/Warning-Options.html#index-Wunused-parameter-Wunused-parameter]8;;[m[K]
   79 |   [01;35m[Kconst geometry_msgs::msg::Twist & velocity[m[K,
      |   [01;35m[K~~~~~~~~~~~~~~~~~~~~~~~~~~~~~~~~~~^~~~~~~~[m[K
[01m[K/home/zzz/ros2_car/ros2/src/car_nav/planner_config/plan.cpp:80:28:[m[K [01;35m[Kwarning: [m[Kunused parameter ‘[01m[Kgoal_checker[m[K’ [[01;35m[K]8;;https://gcc.gnu.org/onlinedocs/gcc/Warning-Options.html#index-Wunused-parameter-Wunused-parameter]8;;[m[K]
   80 |   [01;35m[Knav2_core::GoalChecker * goal_checker[m[K)
      |   [01;35m[K~~~~~~~~~~~~~~~~~~~~~~~~~^~~~~~~~~~~~[m[K
[100%] [32m[1mLinking CXX shared library libzzzplan.so[0m
[100%] Built target zzzplan
-- Install configuration: ""
-- Installing: /home/zzz/ros2_car/ros2/install/car_nav/share/car_nav/planner_config/plan.xml
-- Installing: /home/zzz/ros2_car/ros2/install/car_nav/lib/libzzzplan.so
-- Set runtime path of "/home/zzz/ros2_car/ros2/install/car_nav/lib/libzzzplan.so" to ""
-- Installing: /home/zzz/ros2_car/ros2/install/car_nav/include/car_nav/planner_config/plan.hpp
-- Up-to-date: /home/zzz/ros2_car/ros2/install/car_nav/share/car_nav/planner_config/plan.xml
-- Installing: /home/zzz/ros2_car/ros2/install/car_nav/share/car_nav/launch
-- Installing: /home/zzz/ros2_car/ros2/install/car_nav/share/car_nav/launch/mapping.launch.py
-- Installing: /home/zzz/ros2_car/ros2/install/car_nav/share/car_nav/rviz
-- Installing: /home/zzz/ros2_car/ros2/install/car_nav/share/car_nav/rviz/mapping.rviz
-- Installing: /home/zzz/ros2_car/ros2/install/car_nav/share/car_nav/urdf
-- Installing: /home/zzz/ros2_car/ros2/install/car_nav/share/car_nav/urdf/car.urdf
-- Installing: /home/zzz/ros2_car/ros2/install/car_nav/share/car_nav/config
-- Installing: /home/zzz/ros2_car/ros2/install/car_nav/share/car_nav/config/nav2_params.yaml
-- Installing: /home/zzz/ros2_car/ros2/install/car_nav/share/car_nav/config/carto_mapping.lua
-- Installing: /home/zzz/ros2_car/ros2/install/car_nav/share/car_nav/config/study_params.yaml
-- Installing: /home/zzz/ros2_car/ros2/install/car_nav/share/car_nav/config/carto_localization.lua
-- Installing: /home/zzz/ros2_car/ros2/install/car_nav/share/car_nav/config/study_bt_navigator.xml
-- Installing: /home/zzz/ros2_car/ros2/install/car_nav/share/car_nav/meshes
-- Installing: /home/zzz/ros2_car/ros2/install/car_nav/share/car_nav/meshes/imu_Link.STL
-- Installing: /home/zzz/ros2_car/ros2/install/car_nav/share/car_nav/meshes/jq1_Link.STL
-- Installing: /home/zzz/ros2_car/ros2/install/car_nav/share/car_nav/meshes/yq_Link.STL
-- Installing: /home/zzz/ros2_car/ros2/install/car_nav/share/car_nav/meshes/zq_Link.STL
-- Installing: /home/zzz/ros2_car/ros2/install/car_nav/share/car_nav/meshes/jq2_Link.STL
-- Installing: /home/zzz/ros2_car/ros2/install/car_nav/share/car_nav/meshes/laser_Link.STL
-- Installing: /home/zzz/ros2_car/ros2/install/car_nav/share/car_nav/meshes/zh_Link.STL
-- Installing: /home/zzz/ros2_car/ros2/install/car_nav/share/car_nav/meshes/base_link.STL
-- Installing: /home/zzz/ros2_car/ros2/install/car_nav/share/car_nav/meshes/yh_Link.STL
-- Installing: /home/zzz/ros2_car/ros2/install/car_nav/share/car_nav/meshes/laser_Link3x.STL
-- Installing: /home/zzz/ros2_car/ros2/install/car_nav/share/car_nav/maps-1
-- Installing: /home/zzz/ros2_car/ros2/install/car_nav/share/car_nav/maps-1/my_map.pgm
-- Installing: /home/zzz/ros2_car/ros2/install/car_nav/share/car_nav/maps-1/my_map.yaml
-- Installing: /home/zzz/ros2_car/ros2/install/car_nav/share/car_nav/maps-2
-- Installing: /home/zzz/ros2_car/ros2/install/car_nav/share/car_nav/maps-2/my_map.pbstream
-- Installing: /home/zzz/ros2_car/ros2/install/car_nav/lib/car_nav/odom_bridge.py
-- Installing: /home/zzz/ros2_car/ros2/install/car_nav/lib/car_nav/steering_from_odom.py
-- Installing: /home/zzz/ros2_car/ros2/install/car_nav/lib/car_nav/wheels_from_odom.py
-- Installing: /home/zzz/ros2_car/ros2/install/car_nav/share/ament_index/resource_index/package_run_dependencies/car_nav
-- Installing: /home/zzz/ros2_car/ros2/install/car_nav/share/ament_index/resource_index/parent_prefix_path/car_nav
-- Installing: /home/zzz/ros2_car/ros2/install/car_nav/share/car_nav/environment/ament_prefix_path.sh
-- Installing: /home/zzz/ros2_car/ros2/install/car_nav/share/car_nav/environment/ament_prefix_path.dsv
-- Installing: /home/zzz/ros2_car/ros2/install/car_nav/share/car_nav/environment/path.sh
-- Installing: /home/zzz/ros2_car/ros2/install/car_nav/share/car_nav/environment/path.dsv
-- Installing: /home/zzz/ros2_car/ros2/install/car_nav/share/car_nav/local_setup.bash
-- Installing: /home/zzz/ros2_car/ros2/install/car_nav/share/car_nav/local_setup.sh
-- Installing: /home/zzz/ros2_car/ros2/install/car_nav/share/car_nav/local_setup.zsh
-- Installing: /home/zzz/ros2_car/ros2/install/car_nav/share/car_nav/local_setup.dsv
-- Installing: /home/zzz/ros2_car/ros2/install/car_nav/share/car_nav/package.dsv
-- Installing: /home/zzz/ros2_car/ros2/install/car_nav/share/ament_index/resource_index/packages/car_nav
-- Installing: /home/zzz/ros2_car/ros2/install/car_nav/share/ament_index/resource_index/nav2_core__pluginlib__plugin/car_nav
-- Installing: /home/zzz/ros2_car/ros2/install/car_nav/share/car_nav/cmake/ament_cmake_export_include_directories-extras.cmake
-- Installing: /home/zzz/ros2_car/ros2/install/car_nav/share/car_nav/cmake/ament_cmake_export_dependencies-extras.cmake
-- Installing: /home/zzz/ros2_car/ros2/install/car_nav/share/car_nav/cmake/car_navConfig.cmake
-- Installing: /home/zzz/ros2_car/ros2/install/car_nav/share/car_nav/cmake/car_navConfig-version.cmake
-- Installing: /home/zzz/ros2_car/ros2/install/car_nav/share/car_nav/package.xml
